Archive member included because of file (symbol)

C:\dev\sdk\main\s3e\edk\lib\android\libedk.a(IwDebug.o)
                              debug\s3eFlurry_platform.os (IwDebugTraceSetTraceChannel)
C:\dev\sdk\main\s3e\edk\lib\android\libedk.a(edk_helpers.o)
                              debug\s3eFlurry_platform.os (s3eEdkThreadRunOnOS)

Discarded input sections

 .group         0x00000000       0x10 debug\s3eFlurry_platform.os
 .group         0x00000000       0x10 debug\s3eFlurry_platform.os
 .group         0x00000000       0x10 debug\s3eFlurry_platform.os
 .group         0x00000000       0x10 debug\s3eFlurry_platform.os
 .group         0x00000000       0x10 debug\s3eFlurry_platform.os
 .group         0x00000000       0x10 debug\s3eFlurry_platform.os
 .group         0x00000000       0x10 debug\s3eFlurry_platform.os
 .group         0x00000000       0x10 debug\s3eFlurry_platform.os
 .group         0x00000000       0x10 debug\s3eFlurry_platform.os
 .group         0x00000000       0x10 debug\s3eFlurry_platform.os
 .group         0x00000000       0x10 debug\s3eFlurry_platform.os
 .text          0x00000000        0x0 debug\s3eFlurry_platform.os
 .data          0x00000000        0x0 debug\s3eFlurry_platform.os
 .ARM.extab.text._ZL15s3eEdkJNIGetEnvv
                0x00000000        0x0 debug\s3eFlurry_platform.os
 .ARM.extab.text._ZL27s3eEdkAndroidFindClass_realPKc
                0x00000000        0x0 debug\s3eFlurry_platform.os
 .ARM.extab.text._ZL22s3eEdkAndroidFindClassPKc
                0x00000000        0x0 debug\s3eFlurry_platform.os
 .ARM.extab.text._Z22s3eFlurryInit_platformv
                0x00000000        0x0 debug\s3eFlurry_platform.os
 .ARM.extab.text._Z27s3eFlurryTerminate_platformv
                0x00000000        0x0 debug\s3eFlurry_platform.os
 .ARM.extab.text._Z23s3eFlurryStart_platformPKc
                0x00000000        0x0 debug\s3eFlurry_platform.os
 .ARM.extab.text._Z26s3eFlurryLogEvent_platformPKch
                0x00000000        0x0 debug\s3eFlurry_platform.os
 .ARM.extab.text._Z31s3eFlurryEndTimedEvent_platformPKc
                0x00000000        0x0 debug\s3eFlurry_platform.os
 .ARM.extab.text._Z26s3eFlurryLogError_platformPKcS0_
                0x00000000        0x0 debug\s3eFlurry_platform.os
 .ARM.extab.text._Z27s3eFlurrySetUserID_platformPKc
                0x00000000        0x0 debug\s3eFlurry_platform.os
 .ARM.extab.text._Z28s3eFlurrySetUserAge_platformh
                0x00000000        0x0 debug\s3eFlurry_platform.os
 .ARM.extab.text._Z31s3eFlurrySetUserGender_platform19s3eFlurryUserGender
                0x00000000        0x0 debug\s3eFlurry_platform.os
 .ARM.extab.text._Z29s3eFlurrySetLocation_platformP11s3eLocation
                0x00000000        0x0 debug\s3eFlurry_platform.os
 .ARM.extab.text._Z41s3eFlurrySetSessionReportOnClose_platformh
                0x00000000        0x0 debug\s3eFlurry_platform.os
 .ARM.extab.text._Z41s3eFlurrySetSessionReportOnPause_platformh
                0x00000000        0x0 debug\s3eFlurry_platform.os
 .note.GNU-stack
                0x00000000        0x0 debug\s3eFlurry_platform.os
 .text          0x00000000        0x0 debug\s3eFlurry.os
 .data          0x00000000        0x0 debug\s3eFlurry.os
 .bss           0x00000000        0x0 debug\s3eFlurry.os
 .ARM.extab.text.s3eFlurryStart
                0x00000000        0x0 debug\s3eFlurry.os
 .ARM.extab.text.s3eFlurryLogEvent
                0x00000000        0x0 debug\s3eFlurry.os
 .ARM.extab.text.s3eFlurryEndTimedEvent
                0x00000000        0x0 debug\s3eFlurry.os
 .ARM.extab.text.s3eFlurryLogError
                0x00000000        0x0 debug\s3eFlurry.os
 .ARM.extab.text.s3eFlurrySetUserID
                0x00000000        0x0 debug\s3eFlurry.os
 .ARM.extab.text.s3eFlurrySetUserAge
                0x00000000        0x0 debug\s3eFlurry.os
 .ARM.extab.text.s3eFlurrySetUserGender
                0x00000000        0x0 debug\s3eFlurry.os
 .ARM.extab.text.s3eFlurrySetLocation
                0x00000000        0x0 debug\s3eFlurry.os
 .ARM.extab.text.s3eFlurrySetSessionReportOnClose
                0x00000000        0x0 debug\s3eFlurry.os
 .ARM.extab.text.s3eFlurrySetSessionReportOnPause
                0x00000000        0x0 debug\s3eFlurry.os
 .note.GNU-stack
                0x00000000        0x0 debug\s3eFlurry.os
 .text          0x00000000        0x0 debug\s3eFlurry_platform_1.os
 .data          0x00000000        0x0 debug\s3eFlurry_platform_1.os
 .bss           0x00000000        0x0 debug\s3eFlurry_platform_1.os
 .note.GNU-stack
                0x00000000        0x0 debug\s3eFlurry_platform_1.os
 .text          0x00000000        0x0 debug\s3eFlurry_register.os
 .data          0x00000000        0x0 debug\s3eFlurry_register.os
 .bss           0x00000000        0x0 debug\s3eFlurry_register.os
 .ARM.extab.text._Z20s3eFlurryRegisterExtv
                0x00000000        0x0 debug\s3eFlurry_register.os
 .note.GNU-stack
                0x00000000        0x0 debug\s3eFlurry_register.os
 .text          0x00000000        0x0 C:\dev\sdk\main\s3e\edk\lib\android\libedk.a(IwDebug.o)
 .data          0x00000000        0x0 C:\dev\sdk\main\s3e\edk\lib\android\libedk.a(IwDebug.o)
 .text.IwAssertRegisterTextCallback
                0x00000000       0x18 C:\dev\sdk\main\s3e\edk\lib\android\libedk.a(IwDebug.o)
 .ARM.extab.text.IwAssertRegisterTextCallback
                0x00000000        0x0 C:\dev\sdk\main\s3e\edk\lib\android\libedk.a(IwDebug.o)
 .ARM.exidx.text.IwAssertRegisterTextCallback
                0x00000000        0x8 C:\dev\sdk\main\s3e\edk\lib\android\libedk.a(IwDebug.o)
 .text.IwAssertRegisterCallback
                0x00000000       0x18 C:\dev\sdk\main\s3e\edk\lib\android\libedk.a(IwDebug.o)
 .ARM.extab.text.IwAssertRegisterCallback
                0x00000000        0x0 C:\dev\sdk\main\s3e\edk\lib\android\libedk.a(IwDebug.o)
 .ARM.exidx.text.IwAssertRegisterCallback
                0x00000000        0x8 C:\dev\sdk\main\s3e\edk\lib\android\libedk.a(IwDebug.o)
 .ARM.extab.text.IwDebugTraceSetTraceChannel
                0x00000000        0x0 C:\dev\sdk\main\s3e\edk\lib\android\libedk.a(IwDebug.o)
 .text.IwDebugErrorRegisterCallback
                0x00000000       0x18 C:\dev\sdk\main\s3e\edk\lib\android\libedk.a(IwDebug.o)
 .ARM.extab.text.IwDebugErrorRegisterCallback
                0x00000000        0x0 C:\dev\sdk\main\s3e\edk\lib\android\libedk.a(IwDebug.o)
 .ARM.exidx.text.IwDebugErrorRegisterCallback
                0x00000000        0x8 C:\dev\sdk\main\s3e\edk\lib\android\libedk.a(IwDebug.o)
 .text.IwDebugAssertSetUID
                0x00000000       0x10 C:\dev\sdk\main\s3e\edk\lib\android\libedk.a(IwDebug.o)
 .ARM.extab.text.IwDebugAssertSetUID
                0x00000000        0x0 C:\dev\sdk\main\s3e\edk\lib\android\libedk.a(IwDebug.o)
 .ARM.exidx.text.IwDebugAssertSetUID
                0x00000000        0x8 C:\dev\sdk\main\s3e\edk\lib\android\libedk.a(IwDebug.o)
 .ARM.extab.text._GLOBAL__I_g_DebugGlobals
                0x00000000        0x0 C:\dev\sdk\main\s3e\edk\lib\android\libedk.a(IwDebug.o)
 .text.IwDebugClearConfigCache
                0x00000000       0x80 C:\dev\sdk\main\s3e\edk\lib\android\libedk.a(IwDebug.o)
 .ARM.extab.text.IwDebugClearConfigCache
                0x00000000        0x0 C:\dev\sdk\main\s3e\edk\lib\android\libedk.a(IwDebug.o)
 .ARM.exidx.text.IwDebugClearConfigCache
                0x00000000        0x8 C:\dev\sdk\main\s3e\edk\lib\android\libedk.a(IwDebug.o)
 .text.IwDebugErrorShow
                0x00000000       0xdc C:\dev\sdk\main\s3e\edk\lib\android\libedk.a(IwDebug.o)
 .ARM.extab.text.IwDebugErrorShow
                0x00000000        0xc C:\dev\sdk\main\s3e\edk\lib\android\libedk.a(IwDebug.o)
 .ARM.exidx.text.IwDebugErrorShow
                0x00000000        0x8 C:\dev\sdk\main\s3e\edk\lib\android\libedk.a(IwDebug.o)
 .ARM.extab.text.IwDebugTraceIsChannelOn
                0x00000000        0x0 C:\dev\sdk\main\s3e\edk\lib\android\libedk.a(IwDebug.o)
 .text.IwDebugAssertIsChannelOn
                0x00000000      0x1d0 C:\dev\sdk\main\s3e\edk\lib\android\libedk.a(IwDebug.o)
 .ARM.extab.text.IwDebugAssertIsChannelOn
                0x00000000        0x0 C:\dev\sdk\main\s3e\edk\lib\android\libedk.a(IwDebug.o)
 .ARM.exidx.text.IwDebugAssertIsChannelOn
                0x00000000        0x8 C:\dev\sdk\main\s3e\edk\lib\android\libedk.a(IwDebug.o)
 .text.IwDebugTraceDisable
                0x00000000       0x1c C:\dev\sdk\main\s3e\edk\lib\android\libedk.a(IwDebug.o)
 .ARM.extab.text.IwDebugTraceDisable
                0x00000000        0xc C:\dev\sdk\main\s3e\edk\lib\android\libedk.a(IwDebug.o)
 .ARM.exidx.text.IwDebugTraceDisable
                0x00000000        0x8 C:\dev\sdk\main\s3e\edk\lib\android\libedk.a(IwDebug.o)
 .text.IwDebugAssertSetMessage
                0x00000000       0xe4 C:\dev\sdk\main\s3e\edk\lib\android\libedk.a(IwDebug.o)
 .ARM.extab.text.IwDebugAssertSetMessage
                0x00000000        0xc C:\dev\sdk\main\s3e\edk\lib\android\libedk.a(IwDebug.o)
 .ARM.exidx.text.IwDebugAssertSetMessage
                0x00000000        0x8 C:\dev\sdk\main\s3e\edk\lib\android\libedk.a(IwDebug.o)
 .text.IwDebugAssertSetSolution
                0x00000000       0x90 C:\dev\sdk\main\s3e\edk\lib\android\libedk.a(IwDebug.o)
 .ARM.extab.text.IwDebugAssertSetSolution
                0x00000000        0xc C:\dev\sdk\main\s3e\edk\lib\android\libedk.a(IwDebug.o)
 .ARM.exidx.text.IwDebugAssertSetSolution
                0x00000000        0x8 C:\dev\sdk\main\s3e\edk\lib\android\libedk.a(IwDebug.o)
 .text.IwDebugAssertShow
                0x00000000      0x2e8 C:\dev\sdk\main\s3e\edk\lib\android\libedk.a(IwDebug.o)
 .ARM.extab.text.IwDebugAssertShow
                0x00000000        0x0 C:\dev\sdk\main\s3e\edk\lib\android\libedk.a(IwDebug.o)
 .ARM.exidx.text.IwDebugAssertShow
                0x00000000        0x8 C:\dev\sdk\main\s3e\edk\lib\android\libedk.a(IwDebug.o)
 .text.IwDebugTraceChannelSwitch
                0x00000000      0x458 C:\dev\sdk\main\s3e\edk\lib\android\libedk.a(IwDebug.o)
 .ARM.extab.text.IwDebugTraceChannelSwitch
                0x00000000        0x0 C:\dev\sdk\main\s3e\edk\lib\android\libedk.a(IwDebug.o)
 .ARM.exidx.text.IwDebugTraceChannelSwitch
                0x00000000        0x8 C:\dev\sdk\main\s3e\edk\lib\android\libedk.a(IwDebug.o)
 .note.GNU-stack
                0x00000000        0x0 C:\dev\sdk\main\s3e\edk\lib\android\libedk.a(IwDebug.o)
 .text          0x00000000        0x0 C:\dev\sdk\main\s3e\edk\lib\android\libedk.a(edk_helpers.o)
 .data          0x00000000        0x0 C:\dev\sdk\main\s3e\edk\lib\android\libedk.a(edk_helpers.o)
 .bss           0x00000000        0x0 C:\dev\sdk\main\s3e\edk\lib\android\libedk.a(edk_helpers.o)
 .text.s3eEdkThreadRunOnOSAsync
                0x00000000       0x30 C:\dev\sdk\main\s3e\edk\lib\android\libedk.a(edk_helpers.o)
 .ARM.extab.text.s3eEdkThreadRunOnOSAsync
                0x00000000        0xc C:\dev\sdk\main\s3e\edk\lib\android\libedk.a(edk_helpers.o)
 .ARM.exidx.text.s3eEdkThreadRunOnOSAsync
                0x00000000        0x8 C:\dev\sdk\main\s3e\edk\lib\android\libedk.a(edk_helpers.o)
 .text.s3eEdkErrorSetString
                0x00000000       0x30 C:\dev\sdk\main\s3e\edk\lib\android\libedk.a(edk_helpers.o)
 .ARM.extab.text.s3eEdkErrorSetString
                0x00000000        0xc C:\dev\sdk\main\s3e\edk\lib\android\libedk.a(edk_helpers.o)
 .ARM.exidx.text.s3eEdkErrorSetString
                0x00000000        0x8 C:\dev\sdk\main\s3e\edk\lib\android\libedk.a(edk_helpers.o)
 .note.GNU-stack
                0x00000000        0x0 C:\dev\sdk\main\s3e\edk\lib\android\libedk.a(edk_helpers.o)

Memory Configuration

Name             Origin             Length             Attributes
*default*        0x00000000         0xffffffff

Linker script and memory map

LOAD debug\s3eFlurry_platform.os
LOAD debug\s3eFlurry.os
LOAD debug\s3eFlurry_platform_1.os
LOAD debug\s3eFlurry_register.os
LOAD C:\dev\sdk\main\s3e\edk\lib\android\libedk.a
LOAD C:\dev\sdk\main\s3e\edk\lib\android/libplaceholderplaceholderplaceholderplaceholderplaceholder.so
LOAD C:\dev\sdk\main\platform_libs\android\arch-arm\usr\lib/libc.so
LOAD C:\dev\sdk\main\platform_libs\android\arch-arm\usr\lib/libm.so
LOAD C:\dev\sdk\main\platform_libs\android\arch-arm\usr\lib/liblog.so
LOAD C:\dev\sdk\main\platform_libs\android\arch-arm\usr\lib/libstdc++.so
                0x000000d4                . = (0x0 + SIZEOF_HEADERS)

.note.gnu.build-id
 *(.note.gnu.build-id)

.hash           0x000000d4       0xe8
 *(.hash)
 .hash          0x000000d4       0xe8 debug\s3eFlurry_platform.os

.gnu.hash
 *(.gnu.hash)

.dynsym         0x000001bc      0x270
 *(.dynsym)
 .dynsym        0x000001bc      0x270 debug\s3eFlurry_platform.os

.dynstr         0x0000042c      0x212
 *(.dynstr)
 .dynstr        0x0000042c      0x212 debug\s3eFlurry_platform.os

.gnu.version    0x0000063e        0x0
 *(.gnu.version)
 .gnu.version   0x00000000        0x0 debug\s3eFlurry_platform.os

.gnu.version_d  0x00000640        0x0 load address 0x0000063e
 *(.gnu.version_d)
 .gnu.version_d
                0x00000000        0x0 debug\s3eFlurry_platform.os

.gnu.version_r  0x00000640        0x0 load address 0x0000063e
 *(.gnu.version_r)
 .gnu.version_r
                0x00000000        0x0 debug\s3eFlurry_platform.os

.rel.dyn        0x00000640      0x260
 *(.rel.init)
 *(.rel.text .rel.text.* .rel.gnu.linkonce.t.*)
 .rel.text._ZL22s3eEdkAndroidFindClassPKc
                0x00000640        0x8 debug\s3eFlurry_platform.os
 .rel.text._Z22s3eFlurryInit_platformv
                0x00000648      0x100 debug\s3eFlurry_platform.os
 .rel.text._Z23s3eFlurryStart_platformPKc
                0x00000748       0x10 debug\s3eFlurry_platform.os
 .rel.text._Z26s3eFlurryLogEvent_platformPKch
                0x00000758       0x10 debug\s3eFlurry_platform.os
 .rel.text._Z31s3eFlurryEndTimedEvent_platformPKc
                0x00000768       0x10 debug\s3eFlurry_platform.os
 .rel.text._Z26s3eFlurryLogError_platformPKcS0_
                0x00000778       0x10 debug\s3eFlurry_platform.os
 .rel.text._Z27s3eFlurrySetUserID_platformPKc
                0x00000788       0x10 debug\s3eFlurry_platform.os
 .rel.text._Z28s3eFlurrySetUserAge_platformh
                0x00000798       0x10 debug\s3eFlurry_platform.os
 .rel.text._Z31s3eFlurrySetUserGender_platform19s3eFlurryUserGender
                0x000007a8       0x10 debug\s3eFlurry_platform.os
 .rel.text._Z29s3eFlurrySetLocation_platformP11s3eLocation
                0x000007b8       0x10 debug\s3eFlurry_platform.os
 .rel.text._Z41s3eFlurrySetSessionReportOnClose_platformh
                0x000007c8       0x10 debug\s3eFlurry_platform.os
 .rel.text._Z41s3eFlurrySetSessionReportOnPause_platformh
                0x000007d8       0x10 debug\s3eFlurry_platform.os
 .rel.text._Z20s3eFlurryRegisterExtv
                0x000007e8       0x68 debug\s3eFlurry_platform.os
 .rel.text.IwAssertRegisterTextCallback
                0x00000000        0x0 debug\s3eFlurry_platform.os
 .rel.text.IwAssertRegisterCallback
                0x00000000        0x0 debug\s3eFlurry_platform.os
 .rel.text.IwDebugTraceSetTraceChannel
                0x00000850        0x8 debug\s3eFlurry_platform.os
 .rel.text.IwDebugErrorRegisterCallback
                0x00000000        0x0 debug\s3eFlurry_platform.os
 .rel.text.IwDebugAssertSetUID
                0x00000000        0x0 debug\s3eFlurry_platform.os
 .rel.text._GLOBAL__I_g_DebugGlobals
                0x00000858        0x8 debug\s3eFlurry_platform.os
 .rel.text.IwDebugClearConfigCache
                0x00000000        0x0 debug\s3eFlurry_platform.os
 .rel.text.IwDebugErrorShow
                0x00000000        0x0 debug\s3eFlurry_platform.os
 .rel.text.IwDebugTraceLineVPrintf
                0x00000860       0x20 debug\s3eFlurry_platform.os
 .rel.text.IwDebugTraceIsChannelOn
                0x00000880       0x18 debug\s3eFlurry_platform.os
 .rel.text.IwDebugAssertIsChannelOn
                0x00000000        0x0 debug\s3eFlurry_platform.os
 .rel.text.IwDebugAssertSetMessage
                0x00000000        0x0 debug\s3eFlurry_platform.os
 .rel.text.IwDebugAssertSetSolution
                0x00000000        0x0 debug\s3eFlurry_platform.os
 .rel.text.IwDebugAssertShow
                0x00000000        0x0 debug\s3eFlurry_platform.os
 .rel.text.IwDebugTraceChannelSwitch
                0x00000000        0x0 debug\s3eFlurry_platform.os
 *(.rel.fini)
 *(.rel.rodata .rel.rodata.* .rel.gnu.linkonce.r.*)
 *(.rel.data.rel.ro* .rel.gnu.linkonce.d.rel.ro.*)
 *(.rel.data .rel.data.* .rel.gnu.linkonce.d.*)
 *(.rel.tdata .rel.tdata.* .rel.gnu.linkonce.td.*)
 *(.rel.tbss .rel.tbss.* .rel.gnu.linkonce.tb.*)
 *(.rel.ctors)
 *(.rel.dtors)
 *(.rel.got)
 .rel.got       0x00000000        0x0 debug\s3eFlurry_platform.os
 *(.rel.bss .rel.bss.* .rel.gnu.linkonce.b.*)
 *(.rel.ifunc)
 .rel.init_array
                0x00000898        0x8 debug\s3eFlurry_platform.os

.rela.dyn
 *(.rela.init)
 *(.rela.text .rela.text.* .rela.gnu.linkonce.t.*)
 *(.rela.fini)
 *(.rela.rodata .rela.rodata.* .rela.gnu.linkonce.r.*)
 *(.rela.data .rela.data.* .rela.gnu.linkonce.d.*)
 *(.rela.tdata .rela.tdata.* .rela.gnu.linkonce.td.*)
 *(.rela.tbss .rela.tbss.* .rela.gnu.linkonce.tb.*)
 *(.rela.ctors)
 *(.rela.dtors)
 *(.rela.got)
 *(.rela.bss .rela.bss.* .rela.gnu.linkonce.b.*)
 *(.rela.ifunc)

.rel.plt        0x000008a0       0x70
 *(.rel.plt)
 .rel.plt       0x000008a0       0x70 debug\s3eFlurry_platform.os
 *(.rel.iplt)

.rela.plt
 *(.rela.plt)
 *(.rela.iplt)

.init
 *(.init)

.plt            0x00000910       0xbc
 *(.plt)
 .plt           0x00000910       0xbc debug\s3eFlurry_platform.os
 *(.iplt)

.text           0x000009d0     0x1368
 *(.text .stub .text.* .gnu.linkonce.t.*)
 .text._ZN7_JNIEnv9FindClassEPKc
                0x000009d0       0x40 debug\s3eFlurry_platform.os
                0x000009d0                _JNIEnv::FindClass(char const*)
 .text._ZN7_JNIEnv17ExceptionOccurredEv
                0x00000a10       0x38 debug\s3eFlurry_platform.os
                0x00000a10                _JNIEnv::ExceptionOccurred()
 .text._ZN7_JNIEnv17ExceptionDescribeEv
                0x00000a48       0x30 debug\s3eFlurry_platform.os
                0x00000a48                _JNIEnv::ExceptionDescribe()
 .text._ZN7_JNIEnv14ExceptionClearEv
                0x00000a78       0x30 debug\s3eFlurry_platform.os
                0x00000a78                _JNIEnv::ExceptionClear()
 .text._ZN7_JNIEnv12NewGlobalRefEP8_jobject
                0x00000aa8       0x40 debug\s3eFlurry_platform.os
                0x00000aa8                _JNIEnv::NewGlobalRef(_jobject*)
 .text._ZN7_JNIEnv14DeleteLocalRefEP8_jobject
                0x00000ae8       0x38 debug\s3eFlurry_platform.os
                0x00000ae8                _JNIEnv::DeleteLocalRef(_jobject*)
 .text._ZN7_JNIEnv9NewObjectEP7_jclassP10_jmethodIDz
                0x00000b20       0x60 debug\s3eFlurry_platform.os
                0x00000b20                _JNIEnv::NewObject(_jclass*, _jmethodID*, ...)
 .text._ZN7_JNIEnv11GetMethodIDEP7_jclassPKcS3_
                0x00000b80       0x50 debug\s3eFlurry_platform.os
                0x00000b80                _JNIEnv::GetMethodID(_jclass*, char const*, char const*)
 .text._ZN7_JNIEnv14CallVoidMethodEP8_jobjectP10_jmethodIDz
                0x00000bd0       0x50 debug\s3eFlurry_platform.os
                0x00000bd0                _JNIEnv::CallVoidMethod(_jobject*, _jmethodID*, ...)
 .text._ZN7_JNIEnv12NewStringUTFEPKc
                0x00000c20       0x40 debug\s3eFlurry_platform.os
                0x00000c20                _JNIEnv::NewStringUTF(char const*)
 .text._ZN7_JavaVM6GetEnvEPPvi
                0x00000c60       0x48 debug\s3eFlurry_platform.os
                0x00000c60                _JavaVM::GetEnv(void**, int)
 .text._ZL15s3eEdkJNIGetEnvv
                0x00000ca8       0x48 debug\s3eFlurry_platform.os
 .text._ZL27s3eEdkAndroidFindClass_realPKc
                0x00000cf0       0x38 debug\s3eFlurry_platform.os
 .text._ZL22s3eEdkAndroidFindClassPKc
                0x00000d28       0x38 debug\s3eFlurry_platform.os
 .text._Z22s3eFlurryInit_platformv
                0x00000d60      0x43c debug\s3eFlurry_platform.os
                0x00000d60                s3eFlurryInit_platform()
 .text._Z27s3eFlurryTerminate_platformv
                0x0000119c        0x4 debug\s3eFlurry_platform.os
                0x0000119c                s3eFlurryTerminate_platform()
 .text._Z23s3eFlurryStart_platformPKc
                0x000011a0       0x64 debug\s3eFlurry_platform.os
                0x000011a0                s3eFlurryStart_platform(char const*)
 .text._Z26s3eFlurryLogEvent_platformPKch
                0x00001204       0x6c debug\s3eFlurry_platform.os
                0x00001204                s3eFlurryLogEvent_platform(char const*, unsigned char)
 .text._Z31s3eFlurryEndTimedEvent_platformPKc
                0x00001270       0x64 debug\s3eFlurry_platform.os
                0x00001270                s3eFlurryEndTimedEvent_platform(char const*)
 .text._Z26s3eFlurryLogError_platformPKcS0_
                0x000012d4       0x84 debug\s3eFlurry_platform.os
                0x000012d4                s3eFlurryLogError_platform(char const*, char const*)
 .text._Z27s3eFlurrySetUserID_platformPKc
                0x00001358       0x64 debug\s3eFlurry_platform.os
                0x00001358                s3eFlurrySetUserID_platform(char const*)
 .text._Z28s3eFlurrySetUserAge_platformh
                0x000013bc       0x50 debug\s3eFlurry_platform.os
                0x000013bc                s3eFlurrySetUserAge_platform(unsigned char)
 .text._Z31s3eFlurrySetUserGender_platform19s3eFlurryUserGender
                0x0000140c       0x90 debug\s3eFlurry_platform.os
                0x0000140c                s3eFlurrySetUserGender_platform(s3eFlurryUserGender)
 .text._Z29s3eFlurrySetLocation_platformP11s3eLocation
                0x0000149c       0x4c debug\s3eFlurry_platform.os
                0x0000149c                s3eFlurrySetLocation_platform(s3eLocation*)
 .text._Z41s3eFlurrySetSessionReportOnClose_platformh
                0x000014e8       0x50 debug\s3eFlurry_platform.os
                0x000014e8                s3eFlurrySetSessionReportOnClose_platform(unsigned char)
 .text._Z41s3eFlurrySetSessionReportOnPause_platformh
                0x00001538       0x50 debug\s3eFlurry_platform.os
                0x00001538                s3eFlurrySetSessionReportOnPause_platform(unsigned char)
 .text._Z13s3eFlurryInitv
                0x00001588       0x18 debug\s3eFlurry.os
                0x00001588                s3eFlurryInit()
 .text._Z18s3eFlurryTerminatev
                0x000015a0       0x10 debug\s3eFlurry.os
                0x000015a0                s3eFlurryTerminate()
 .text.s3eFlurryStart
                0x000015b0       0x20 debug\s3eFlurry.os
                0x000015b0                s3eFlurryStart
 .text.s3eFlurryLogEvent
                0x000015d0       0x30 debug\s3eFlurry.os
                0x000015d0                s3eFlurryLogEvent
 .text.s3eFlurryEndTimedEvent
                0x00001600       0x20 debug\s3eFlurry.os
                0x00001600                s3eFlurryEndTimedEvent
 .text.s3eFlurryLogError
                0x00001620       0x28 debug\s3eFlurry.os
                0x00001620                s3eFlurryLogError
 .text.s3eFlurrySetUserID
                0x00001648       0x20 debug\s3eFlurry.os
                0x00001648                s3eFlurrySetUserID
 .text.s3eFlurrySetUserAge
                0x00001668       0x28 debug\s3eFlurry.os
                0x00001668                s3eFlurrySetUserAge
 .text.s3eFlurrySetUserGender
                0x00001690       0x20 debug\s3eFlurry.os
                0x00001690                s3eFlurrySetUserGender
 .text.s3eFlurrySetLocation
                0x000016b0       0x20 debug\s3eFlurry.os
                0x000016b0                s3eFlurrySetLocation
 .text.s3eFlurrySetSessionReportOnClose
                0x000016d0       0x28 debug\s3eFlurry.os
                0x000016d0                s3eFlurrySetSessionReportOnClose
 .text.s3eFlurrySetSessionReportOnPause
                0x000016f8       0x28 debug\s3eFlurry.os
                0x000016f8                s3eFlurrySetSessionReportOnPause
 .text._Z20s3eFlurryRegisterExtv
                0x00001720      0x144 debug\s3eFlurry_register.os
                0x00001720                s3eFlurryRegisterExt()
 .text.RegisterExt
                0x00001864       0x10 debug\s3eFlurry_register.os
                0x00001864                RegisterExt
 .text.IwDebugTraceSetTraceChannel
                0x00001874       0x18 C:\dev\sdk\main\s3e\edk\lib\android\libedk.a(IwDebug.o)
                0x00001874                IwDebugTraceSetTraceChannel
 .text._GLOBAL__I_g_DebugGlobals
                0x0000188c       0x8c C:\dev\sdk\main\s3e\edk\lib\android\libedk.a(IwDebug.o)
 .text.IwDebugTraceLineVPrintf
                0x00001918       0xe8 C:\dev\sdk\main\s3e\edk\lib\android\libedk.a(IwDebug.o)
                0x00001918                IwDebugTraceLineVPrintf
 .text.IwDebugTraceLinePrintf
                0x00001a00       0x30 C:\dev\sdk\main\s3e\edk\lib\android\libedk.a(IwDebug.o)
                0x00001a00                IwDebugTraceLinePrintf
 .text.IwDebugTraceIsChannelOn
                0x00001a30      0x278 C:\dev\sdk\main\s3e\edk\lib\android\libedk.a(IwDebug.o)
                0x00001a30                IwDebugTraceIsChannelOn
 .text.s3eEdkThreadRunOnOS
                0x00001ca8       0x30 C:\dev\sdk\main\s3e\edk\lib\android\libedk.a(edk_helpers.o)
                0x00001ca8                s3eEdkThreadRunOnOS
 .text.s3eEdkThreadRunOnOS.stub
                0x00001cd8       0x60 linker stubs
 *(.gnu.warning)
 *(.glue_7t)
 .glue_7t       0x00000000        0x0 linker stubs
 *(.glue_7)
 .glue_7        0x00000000        0x0 linker stubs
 *(.vfp11_veneer)
 .vfp11_veneer  0x00000000        0x0 linker stubs
 *(.v4_bx)
 .v4_bx         0x00000000        0x0 linker stubs

.fini
 *(.fini)
                0x00001d38                PROVIDE (__etext, .)
                0x00001d38                PROVIDE (_etext, .)
                0x00001d38                PROVIDE (etext, .)

.rodata         0x00001d38      0x2e0
 *(.rodata .rodata.* .gnu.linkonce.r.*)
 .rodata        0x00001d38      0x1b8 debug\s3eFlurry_platform.os
 .rodata        0x00001ef0        0xc debug\s3eFlurry_register.os
 .rodata.str1.4
                0x00001efc      0x11c C:\dev\sdk\main\s3e\edk\lib\android\libedk.a(IwDebug.o)
                                0x120 (size before relaxing)

.rodata1
 *(.rodata1)

.ARM.extab      0x00002018       0x60
 *(.ARM.extab* .gnu.linkonce.armextab.*)
 .ARM.extab.text._ZN7_JNIEnv9FindClassEPKc
                0x00002018        0x0 debug\s3eFlurry_platform.os
 .ARM.extab.text._ZN7_JNIEnv17ExceptionOccurredEv
                0x00002018        0x0 debug\s3eFlurry_platform.os
 .ARM.extab.text._ZN7_JNIEnv17ExceptionDescribeEv
                0x00002018        0x0 debug\s3eFlurry_platform.os
 .ARM.extab.text._ZN7_JNIEnv14ExceptionClearEv
                0x00002018        0x0 debug\s3eFlurry_platform.os
 .ARM.extab.text._ZN7_JNIEnv12NewGlobalRefEP8_jobject
                0x00002018        0x0 debug\s3eFlurry_platform.os
 .ARM.extab.text._ZN7_JNIEnv14DeleteLocalRefEP8_jobject
                0x00002018        0x0 debug\s3eFlurry_platform.os
 .ARM.extab.text._ZN7_JNIEnv9NewObjectEP7_jclassP10_jmethodIDz
                0x00002018        0xc debug\s3eFlurry_platform.os
 .ARM.extab.text._ZN7_JNIEnv11GetMethodIDEP7_jclassPKcS3_
                0x00002024        0x0 debug\s3eFlurry_platform.os
 .ARM.extab.text._ZN7_JNIEnv14CallVoidMethodEP8_jobjectP10_jmethodIDz
                0x00002024        0xc debug\s3eFlurry_platform.os
 .ARM.extab.text._ZN7_JNIEnv12NewStringUTFEPKc
                0x00002030        0x0 debug\s3eFlurry_platform.os
 .ARM.extab.text._ZN7_JavaVM6GetEnvEPPvi
                0x00002030        0x0 debug\s3eFlurry_platform.os
 .ARM.extab.text._Z13s3eFlurryInitv
                0x00002030        0xc debug\s3eFlurry.os
 .ARM.extab.text._Z18s3eFlurryTerminatev
                0x0000203c        0xc debug\s3eFlurry.os
 .ARM.extab.text.RegisterExt
                0x00002048        0xc debug\s3eFlurry_register.os
 .ARM.extab.text.IwDebugTraceLineVPrintf
                0x00002054        0xc C:\dev\sdk\main\s3e\edk\lib\android\libedk.a(IwDebug.o)
 .ARM.extab.text.IwDebugTraceLinePrintf
                0x00002060        0xc C:\dev\sdk\main\s3e\edk\lib\android\libedk.a(IwDebug.o)
 .ARM.extab.text.s3eEdkThreadRunOnOS
                0x0000206c        0xc C:\dev\sdk\main\s3e\edk\lib\android\libedk.a(edk_helpers.o)
                0x00002078                PROVIDE (__exidx_start, .)

.ARM.exidx      0x00002078       0xd0
 *(.ARM.exidx* .gnu.linkonce.armexidx.*)
 .ARM.exidx.text._ZN7_JNIEnv9FindClassEPKc
                0x00002078        0x8 debug\s3eFlurry_platform.os
 .ARM.exidx.text._ZN7_JNIEnv17ExceptionOccurredEv
                0x00002080        0x0 debug\s3eFlurry_platform.os
                                  0x8 (size before relaxing)
 .ARM.exidx.text._ZN7_JNIEnv17ExceptionDescribeEv
                0x00002080        0x0 debug\s3eFlurry_platform.os
                                  0x8 (size before relaxing)
 .ARM.exidx.text._ZN7_JNIEnv14ExceptionClearEv
                0x00002080        0x0 debug\s3eFlurry_platform.os
                                  0x8 (size before relaxing)
 .ARM.exidx.text._ZN7_JNIEnv12NewGlobalRefEP8_jobject
                0x00002080        0x0 debug\s3eFlurry_platform.os
                                  0x8 (size before relaxing)
 .ARM.exidx.text._ZN7_JNIEnv14DeleteLocalRefEP8_jobject
                0x00002080        0x0 debug\s3eFlurry_platform.os
                                  0x8 (size before relaxing)
 .ARM.exidx.text._ZN7_JNIEnv9NewObjectEP7_jclassP10_jmethodIDz
                0x00002080        0x8 debug\s3eFlurry_platform.os
 .ARM.exidx.text._ZN7_JNIEnv11GetMethodIDEP7_jclassPKcS3_
                0x00002088        0x8 debug\s3eFlurry_platform.os
 .ARM.exidx.text._ZN7_JNIEnv14CallVoidMethodEP8_jobjectP10_jmethodIDz
                0x00002090        0x8 debug\s3eFlurry_platform.os
 .ARM.exidx.text._ZN7_JNIEnv12NewStringUTFEPKc
                0x00002098        0x8 debug\s3eFlurry_platform.os
 .ARM.exidx.text._ZN7_JavaVM6GetEnvEPPvi
                0x000020a0        0x8 debug\s3eFlurry_platform.os
 .ARM.exidx.text._ZL15s3eEdkJNIGetEnvv
                0x000020a8        0x8 debug\s3eFlurry_platform.os
 .ARM.exidx.text._ZL27s3eEdkAndroidFindClass_realPKc
                0x000020b0        0x8 debug\s3eFlurry_platform.os
 .ARM.exidx.text._ZL22s3eEdkAndroidFindClassPKc
                0x000020b8        0x8 debug\s3eFlurry_platform.os
 .ARM.exidx.text._Z22s3eFlurryInit_platformv
                0x000020c0        0x8 debug\s3eFlurry_platform.os
 .ARM.exidx.text._Z27s3eFlurryTerminate_platformv
                0x000020c8        0x8 debug\s3eFlurry_platform.os
 .ARM.exidx.text._Z23s3eFlurryStart_platformPKc
                0x000020d0        0x8 debug\s3eFlurry_platform.os
 .ARM.exidx.text._Z26s3eFlurryLogEvent_platformPKch
                0x000020d8        0x0 debug\s3eFlurry_platform.os
                                  0x8 (size before relaxing)
 .ARM.exidx.text._Z31s3eFlurryEndTimedEvent_platformPKc
                0x000020d8        0x0 debug\s3eFlurry_platform.os
                                  0x8 (size before relaxing)
 .ARM.exidx.text._Z26s3eFlurryLogError_platformPKcS0_
                0x000020d8        0x8 debug\s3eFlurry_platform.os
 .ARM.exidx.text._Z27s3eFlurrySetUserID_platformPKc
                0x000020e0        0x8 debug\s3eFlurry_platform.os
 .ARM.exidx.text._Z28s3eFlurrySetUserAge_platformh
                0x000020e8        0x0 debug\s3eFlurry_platform.os
                                  0x8 (size before relaxing)
 .ARM.exidx.text._Z31s3eFlurrySetUserGender_platform19s3eFlurryUserGender
                0x000020e8        0x0 debug\s3eFlurry_platform.os
                                  0x8 (size before relaxing)
 .ARM.exidx.text._Z29s3eFlurrySetLocation_platformP11s3eLocation
                0x000020e8        0x0 debug\s3eFlurry_platform.os
                                  0x8 (size before relaxing)
 .ARM.exidx.text._Z41s3eFlurrySetSessionReportOnClose_platformh
                0x000020e8        0x0 debug\s3eFlurry_platform.os
                                  0x8 (size before relaxing)
 .ARM.exidx.text._Z41s3eFlurrySetSessionReportOnPause_platformh
                0x000020e8        0x0 debug\s3eFlurry_platform.os
                                  0x8 (size before relaxing)
 .ARM.exidx.text._Z13s3eFlurryInitv
                0x000020e8        0x8 debug\s3eFlurry.os
 .ARM.exidx.text._Z18s3eFlurryTerminatev
                0x000020f0        0x8 debug\s3eFlurry.os
 .ARM.exidx.text.s3eFlurryStart
                0x000020f8        0x8 debug\s3eFlurry.os
 .ARM.exidx.text.s3eFlurryLogEvent
                0x00002100        0x0 debug\s3eFlurry.os
                                  0x8 (size before relaxing)
 .ARM.exidx.text.s3eFlurryEndTimedEvent
                0x00002100        0x0 debug\s3eFlurry.os
                                  0x8 (size before relaxing)
 .ARM.exidx.text.s3eFlurryLogError
                0x00002100        0x0 debug\s3eFlurry.os
                                  0x8 (size before relaxing)
 .ARM.exidx.text.s3eFlurrySetUserID
                0x00002100        0x0 debug\s3eFlurry.os
                                  0x8 (size before relaxing)
 .ARM.exidx.text.s3eFlurrySetUserAge
                0x00002100        0x0 debug\s3eFlurry.os
                                  0x8 (size before relaxing)
 .ARM.exidx.text.s3eFlurrySetUserGender
                0x00002100        0x0 debug\s3eFlurry.os
                                  0x8 (size before relaxing)
 .ARM.exidx.text.s3eFlurrySetLocation
                0x00002100        0x0 debug\s3eFlurry.os
                                  0x8 (size before relaxing)
 .ARM.exidx.text.s3eFlurrySetSessionReportOnClose
                0x00002100        0x0 debug\s3eFlurry.os
                                  0x8 (size before relaxing)
 .ARM.exidx.text.s3eFlurrySetSessionReportOnPause
                0x00002100        0x0 debug\s3eFlurry.os
                                  0x8 (size before relaxing)
 .ARM.exidx.text._Z20s3eFlurryRegisterExtv
                0x00002100        0x8 debug\s3eFlurry_register.os
 .ARM.exidx.text.RegisterExt
                0x00002108        0x8 debug\s3eFlurry_register.os
 .ARM.exidx.text.IwDebugTraceSetTraceChannel
                0x00002110        0x8 C:\dev\sdk\main\s3e\edk\lib\android\libedk.a(IwDebug.o)
 .ARM.exidx.text._GLOBAL__I_g_DebugGlobals
                0x00002118        0x8 C:\dev\sdk\main\s3e\edk\lib\android\libedk.a(IwDebug.o)
 .ARM.exidx.text.IwDebugTraceLineVPrintf
                0x00002120        0x8 C:\dev\sdk\main\s3e\edk\lib\android\libedk.a(IwDebug.o)
 .ARM.exidx.text.IwDebugTraceLinePrintf
                0x00002128        0x8 C:\dev\sdk\main\s3e\edk\lib\android\libedk.a(IwDebug.o)
 .ARM.exidx.text.IwDebugTraceIsChannelOn
                0x00002130        0x8 C:\dev\sdk\main\s3e\edk\lib\android\libedk.a(IwDebug.o)
 .ARM.exidx.text.s3eEdkThreadRunOnOS
                0x00002138       0x10 C:\dev\sdk\main\s3e\edk\lib\android\libedk.a(edk_helpers.o)
                                  0x8 (size before relaxing)
                0x00002148                PROVIDE (__exidx_end, .)

.eh_frame_hdr
 *(.eh_frame_hdr)

.eh_frame
 *(.eh_frame)

.gcc_except_table
 *(.gcc_except_table .gcc_except_table.*)
                0x00002148                . = (ALIGN (0x8000) - ((0x8000 - .) & 0x7fff))
                0x0000a148                . = (0x8000 DATA_SEGMENT_ALIGN 0x1000)

.eh_frame
 *(.eh_frame)

.gcc_except_table
 *(.gcc_except_table .gcc_except_table.*)

.tdata
 *(.tdata .tdata.* .gnu.linkonce.td.*)

.tbss
 *(.tbss .tbss.* .gnu.linkonce.tb.*)
 *(.tcommon)

.preinit_array
 *(.preinit_array)

.init_array     0x0000a148        0x4
 *(SORT(.init_array.*))
 *(.init_array)
 .init_array    0x0000a148        0x4 C:\dev\sdk\main\s3e\edk\lib\android\libedk.a(IwDebug.o)

.fini_array
 *(SORT(.fini_array.*))
 *(.fini_array)

.ctors
 *crtbegin.o(.ctors)
 *crtbegin?.o(.ctors)
 *(EXCLUDE_FILE(*crtend?.o *crtend.o) .ctors)
 *(SORT(.ctors.*))
 *(.ctors)

.dtors
 *crtbegin.o(.dtors)
 *crtbegin?.o(.dtors)
 *(EXCLUDE_FILE(*crtend?.o *crtend.o) .dtors)
 *(SORT(.dtors.*))
 *(.dtors)

.jcr
 *(.jcr)

.data.rel.ro
 *(.data.rel.ro.local* .gnu.linkonce.d.rel.ro.local.*)
 *(.data.rel.ro* .gnu.linkonce.d.rel.ro.*)

.dynamic        0x0000a14c       0xc0
 *(.dynamic)
 .dynamic       0x0000a14c       0xc0 debug\s3eFlurry_platform.os
                0x0000a14c                _DYNAMIC
                0x0000a20c                . = (. DATA_SEGMENT_RELRO_END 0x0)

.got            0x0000a20c       0x44
 *(.got.plt)
 .got.plt       0x0000a20c       0x44 debug\s3eFlurry_platform.os
                0x0000a20c                _GLOBAL_OFFSET_TABLE_
 *(.igot.plt)
 *(.got)
 .got           0x00000000        0x0 debug\s3eFlurry_platform.os
 *(.igot)

.data           0x0000a250        0x0
                0x0000a250                __data_start = .
 *(.data .data.* .gnu.linkonce.d.*)

.data1
 *(.data1)
                0x0000a250                _edata = .
                0x0000a250                PROVIDE (edata, .)
                0x0000a250                __bss_start = .
                0x0000a250                __bss_start__ = .

.bss            0x0000a250     0x1a54
 *(.dynbss)
 .dynbss        0x00000000        0x0 debug\s3eFlurry_platform.os
 *(.bss .bss.* .gnu.linkonce.b.*)
 .bss           0x0000a250       0x2c debug\s3eFlurry_platform.os
 .bss           0x0000a27c     0x1a28 C:\dev\sdk\main\s3e\edk\lib\android\libedk.a(IwDebug.o)
                0x0000a27c                g_DebugGlobals
 *(COMMON)
                0x0000bca4                . = ALIGN ((. != 0x0)?0x4:0x1)
                0x0000bca4                _bss_end__ = .
                0x0000bca4                __bss_end__ = .
                0x0000bca4                . = ALIGN (0x4)
                0x0000bca4                . = ALIGN (0x4)
                0x0000bca4                __end__ = .
                0x0000bca4                _end = .
                0x0000bca4                PROVIDE (end, .)
                0x0000bca4                . = DATA_SEGMENT_END (.)

.stab
 *(.stab)

.stabstr
 *(.stabstr)

.stab.excl
 *(.stab.excl)

.stab.exclstr
 *(.stab.exclstr)

.stab.index
 *(.stab.index)

.stab.indexstr
 *(.stab.indexstr)

.ARM.attributes
                0x00000000       0x2c
 .ARM.attributes
                0x00000000       0x2c debug\s3eFlurry_platform.os
 .ARM.attributes
                0x0000002c       0x2c debug\s3eFlurry.os
 .ARM.attributes
                0x00000058       0x2c debug\s3eFlurry_platform_1.os
 .ARM.attributes
                0x00000084       0x2c debug\s3eFlurry_register.os
 .ARM.attributes
                0x000000b0       0x2c C:\dev\sdk\main\s3e\edk\lib\android\libedk.a(IwDebug.o)
 .ARM.attributes
                0x000000dc       0x2c C:\dev\sdk\main\s3e\edk\lib\android\libedk.a(edk_helpers.o)

.comment        0x00000000      0x102
 *(.comment)
 .comment       0x00000000       0x2b debug\s3eFlurry_platform.os
 .comment       0x0000002b       0x2b debug\s3eFlurry.os
 .comment       0x00000056       0x2b debug\s3eFlurry_platform_1.os
 .comment       0x00000081       0x2b debug\s3eFlurry_register.os
 .comment       0x000000ac       0x2b C:\dev\sdk\main\s3e\edk\lib\android\libedk.a(IwDebug.o)
 .comment       0x000000d7       0x2b C:\dev\sdk\main\s3e\edk\lib\android\libedk.a(edk_helpers.o)

.debug
 *(.debug)

.line
 *(.line)

.debug_srcinfo
 *(.debug_srcinfo)

.debug_sfnames
 *(.debug_sfnames)

.debug_aranges  0x00000000      0x188
 *(.debug_aranges)
 .debug_aranges
                0x00000000       0xe8 debug\s3eFlurry_platform.os
 .debug_aranges
                0x000000e8       0x78 debug\s3eFlurry.os
 .debug_aranges
                0x00000160       0x28 debug\s3eFlurry_register.os

.debug_pubnames
                0x00000000      0x44c
 *(.debug_pubnames)
 .debug_pubnames
                0x00000000      0x2cf debug\s3eFlurry_platform.os
 .debug_pubnames
                0x000002cf      0x142 debug\s3eFlurry.os
 .debug_pubnames
                0x00000411       0x3b debug\s3eFlurry_register.os

.debug_info     0x00000000     0x6220
 *(.debug_info .gnu.linkonce.wi.*)
 .debug_info    0x00000000     0x5dc1 debug\s3eFlurry_platform.os
 .debug_info    0x00005dc1      0x35d debug\s3eFlurry.os
 .debug_info    0x0000611e        0x0 debug\s3eFlurry_platform_1.os
 .debug_info    0x0000611e      0x102 debug\s3eFlurry_register.os

.debug_abbrev   0x00000000      0x410
 *(.debug_abbrev)
 .debug_abbrev  0x00000000      0x282 debug\s3eFlurry_platform.os
 .debug_abbrev  0x00000282       0xfc debug\s3eFlurry.os
 .debug_abbrev  0x0000037e        0x1 debug\s3eFlurry_platform_1.os
 .debug_abbrev  0x0000037f       0x91 debug\s3eFlurry_register.os

.debug_line     0x00000000      0x596
 *(.debug_line)
 .debug_line    0x00000000      0x387 debug\s3eFlurry_platform.os
 .debug_line    0x00000387      0x172 debug\s3eFlurry.os
 .debug_line    0x000004f9        0x0 debug\s3eFlurry_platform_1.os
 .debug_line    0x000004f9       0x9d debug\s3eFlurry_register.os

.debug_frame    0x00000000      0x478
 *(.debug_frame)
 .debug_frame   0x00000000      0x2dc debug\s3eFlurry_platform.os
 .debug_frame   0x000002dc      0x158 debug\s3eFlurry.os
 .debug_frame   0x00000434       0x44 debug\s3eFlurry_register.os

.debug_str      0x00000000     0x4d55
 *(.debug_str)
 .debug_str     0x00000000     0x4c3e debug\s3eFlurry_platform.os
                               0x4de1 (size before relaxing)
 .debug_str     0x00004c3e       0x8e debug\s3eFlurry.os
                                0x3ad (size before relaxing)
 .debug_str     0x00004ccc       0x89 debug\s3eFlurry_register.os
                                0x18b (size before relaxing)

.debug_loc      0x00000000      0x682
 *(.debug_loc)
 .debug_loc     0x00000000      0x44b debug\s3eFlurry_platform.os
 .debug_loc     0x0000044b      0x1ec debug\s3eFlurry.os
 .debug_loc     0x00000637       0x4b debug\s3eFlurry_register.os

.debug_macinfo
 *(.debug_macinfo)

.debug_weaknames
 *(.debug_weaknames)

.debug_funcnames
 *(.debug_funcnames)

.debug_typenames
 *(.debug_typenames)

.debug_varnames
 *(.debug_varnames)

.debug_pubtypes
 *(.debug_pubtypes)

.debug_ranges   0x00000000      0x170
 *(.debug_ranges)
 .debug_ranges  0x00000000       0xe0 debug\s3eFlurry_platform.os
 .debug_ranges  0x000000e0       0x70 debug\s3eFlurry.os
 .debug_ranges  0x00000150       0x20 debug\s3eFlurry_register.os

.gnu.attributes
 *(.gnu.attributes)

.note.gnu.arm.ident
 *(.note.gnu.arm.ident)

/DISCARD/
 *(.note.GNU-stack)
 *(.gnu_debuglink)
OUTPUT(C:\dev\sdk\main\extensions\s3eFlurry\lib\android\libs3eFlurry_d.so elf32-littlearm)
