Archive member included because of file (symbol)

/Developer/Marmalade/5.2/s3e/edk/lib/android/libedk.a(edk_helpers.o)
                              release/s3eFlurry_platform.os (s3eEdkThreadRunOnOS)

Discarded input sections

 _ZN7_JNIEnv11GetMethodIDEP7_jclassPKcS3_
                0x00000000        0x0 release/s3eFlurry_platform.os
 _ZN7_JNIEnv14CallVoidMethodEP8_jobjectP10_jmethodIDz
                0x00000000        0x0 release/s3eFlurry_platform.os
 _ZN7_JNIEnv9NewObjectEP7_jclassP10_jmethodIDz
                0x00000000        0x0 release/s3eFlurry_platform.os
 .note.GNU-stack
                0x00000000        0x0 release/s3eFlurry_platform.os
 .note.GNU-stack
                0x00000000        0x0 release/s3eFlurry.os
 .note.GNU-stack
                0x00000000        0x0 release/s3eFlurry_register.os
 .note.GNU-stack
                0x00000000        0x0 /Developer/Marmalade/5.2/s3e/edk/lib/android/libedk.a(edk_helpers.o)

Memory Configuration

Name             Origin             Length             Attributes
*default*        0x00000000         0xffffffff

Linker script and memory map

LOAD release/s3eFlurry_platform.os
LOAD release/s3eFlurry.os
LOAD release/s3eFlurry_register.os
LOAD /Developer/Marmalade/5.2/s3e/edk/lib/android/libedk.a
LOAD /Developer/Marmalade/5.2/s3e/edk/lib/android/libplaceholderplaceholderplaceholderplaceholderplaceholder.so
LOAD /Developer/android-ndk-r5/platforms/android-9/arch-arm/usr/lib/libc.so
LOAD /Developer/android-ndk-r5/platforms/android-9/arch-arm/usr/lib/libm.so
LOAD /Developer/android-ndk-r5/platforms/android-9/arch-arm/usr/lib/liblog.so
LOAD /Developer/android-ndk-r5/sources/cxx-stl/gnu-libstdc++/libs/armeabi/libstdc++.a
LOAD /Developer/android-ndk-r5/toolchains/arm-linux-androideabi-4.4.3/prebuilt/darwin-x86/bin/../lib/gcc/arm-linux-androideabi/4.4.3/libgcc.a
                0x000000d4                . = (0x0 + SIZEOF_HEADERS)

.note.gnu.build-id
 *(.note.gnu.build-id)

.hash           0x000000d4       0x9c
 *(.hash)
 .hash          0x000000d4       0x9c release/s3eFlurry_platform.os

.gnu.hash
 *(.gnu.hash)

.dynsym         0x00000170      0x140
 *(.dynsym)
 .dynsym        0x00000170      0x140 release/s3eFlurry_platform.os

.dynstr         0x000002b0      0x13b
 *(.dynstr)
 .dynstr        0x000002b0      0x13b release/s3eFlurry_platform.os

.gnu.version    0x000003ec        0x0 load address 0x000003eb
 *(.gnu.version)
 .gnu.version   0x00000000        0x0 release/s3eFlurry_platform.os

.gnu.version_d  0x000003ec        0x0 load address 0x000003eb
 *(.gnu.version_d)
 .gnu.version_d
                0x00000000        0x0 release/s3eFlurry_platform.os

.gnu.version_r  0x000003ec        0x0 load address 0x000003eb
 *(.gnu.version_r)
 .gnu.version_r
                0x00000000        0x0 release/s3eFlurry_platform.os

.rel.dyn        0x000003ec       0x80
 *(.rel.init)
 *(.rel.text .rel.text.* .rel.gnu.linkonce.t.*)
 *(.rel.fini)
 *(.rel.rodata .rel.rodata.* .rel.gnu.linkonce.r.*)
 *(.rel.data.rel.ro* .rel.gnu.linkonce.d.rel.ro.*)
 *(.rel.data .rel.data.* .rel.gnu.linkonce.d.*)
 *(.rel.tdata .rel.tdata.* .rel.gnu.linkonce.td.*)
 *(.rel.tbss .rel.tbss.* .rel.gnu.linkonce.tb.*)
 *(.rel.ctors)
 *(.rel.dtors)
 *(.rel.got)
 .rel.got       0x000003ec       0x80 release/s3eFlurry_platform.os
 *(.rel.bss .rel.bss.* .rel.gnu.linkonce.b.*)

.rela.dyn
 *(.rela.init)
 *(.rela.text .rela.text.* .rela.gnu.linkonce.t.*)
 *(.rela.fini)
 *(.rela.rodata .rela.rodata.* .rela.gnu.linkonce.r.*)
 *(.rela.data .rela.data.* .rela.gnu.linkonce.d.*)
 *(.rela.tdata .rela.tdata.* .rela.gnu.linkonce.td.*)
 *(.rela.tbss .rela.tbss.* .rela.gnu.linkonce.tb.*)
 *(.rela.ctors)
 *(.rela.dtors)
 *(.rela.got)
 *(.rela.bss .rela.bss.* .rela.gnu.linkonce.b.*)

.rel.plt        0x0000046c       0x28
 *(.rel.plt)
 .rel.plt       0x0000046c       0x28 release/s3eFlurry_platform.os

.rela.plt
 *(.rela.plt)

.init
 *(.init)

.plt            0x00000494       0x50
 *(.plt)
 .plt           0x00000494       0x50 release/s3eFlurry_platform.os

.text           0x000004e4     0x138c
 *(.text .stub .text.* .gnu.linkonce.t.*)
 .text          0x000004e4      0xaf8 release/s3eFlurry_platform.os
                0x00000d7c                _Z29s3eFlurrySetLocation_platformP11s3eLocation
                0x00000d24                _Z41s3eFlurrySetSessionReportOnClose_platformh
                0x00000ec0                _Z27s3eFlurrySetUserID_platformPKc
                0x00000c50                _Z23s3eFlurryStart_platformPKc
                0x00000ccc                _Z41s3eFlurrySetSessionReportOnPause_platformh
                0x000004e8                _Z31s3eFlurryEndTimedEvent_platformPKc
                0x00000bd4                _Z26s3eFlurryLogEvent_platformPKch
                0x00000f3c                _Z26s3eFlurryLogError_platformPKcS0_
                0x000005bc                _Z30s3eFlurryShowAdBanner_platformh
                0x000004e4                _Z27s3eFlurryTerminate_platformv
                0x00000e68                _Z28s3eFlurrySetUserAge_platformh
                0x00000dd4                _Z31s3eFlurrySetUserGender_platform19s3eFlurryUserGender
                0x000007c4                _Z22s3eFlurryInit_platformv
                0x00000650                _Z32s3eFlurrySetDefaultText_platformPKc
                0x000006cc                _Z33s3eFlurryAppCircleEnable_platformv
                0x00000564                _Z31s3eFlurryShowOfferWall_platformv
 .text._ZN7_JNIEnv11GetMethodIDEP7_jclassPKcS3_
                0x00000fdc       0x1c release/s3eFlurry_platform.os
                0x00000fdc                _ZN7_JNIEnv11GetMethodIDEP7_jclassPKcS3_
 .text._ZN7_JNIEnv14CallVoidMethodEP8_jobjectP10_jmethodIDz
                0x00000ff8       0x38 release/s3eFlurry_platform.os
                0x00000ff8                _ZN7_JNIEnv14CallVoidMethodEP8_jobjectP10_jmethodIDz
 .text._ZN7_JNIEnv9NewObjectEP7_jclassP10_jmethodIDz
                0x00001030       0x38 release/s3eFlurry_platform.os
                0x00001030                _ZN7_JNIEnv9NewObjectEP7_jclassP10_jmethodIDz
 .text          0x00001068      0x100 release/s3eFlurry.os
                0x00001138                s3eFlurryStart
                0x00001118                s3eFlurryEndTimedEvent
                0x00001158                _Z13s3eFlurryInitv
                0x000010b8                s3eFlurrySetSessionReportOnClose
                0x000010c8                s3eFlurrySetLocation
                0x000010f8                s3eFlurrySetUserID
                0x00001148                _Z18s3eFlurryTerminatev
                0x00001128                s3eFlurryLogEvent
                0x00001098                s3eFlurryAppCircleEnable
                0x00001088                s3eFlurrySetDefaultText
                0x00001078                s3eFlurryShowAdBanner
                0x000010a8                s3eFlurrySetSessionReportOnPause
                0x00001108                s3eFlurryLogError
                0x000010e8                s3eFlurrySetUserAge
                0x000010d8                s3eFlurrySetUserGender
                0x00001068                s3eFlurryShowOfferWall
 .text          0x00001168      0x678 release/s3eFlurry_register.os
                0x00001168                _Z20s3eFlurryRegisterExtv
                0x000015f4                RegisterExt
 .text          0x000017e0        0x0 /Developer/Marmalade/5.2/s3e/edk/lib/android/libedk.a(edk_helpers.o)
 .text.s3eEdkThreadRunOnOSAsync
                0x000017e0       0x30 /Developer/Marmalade/5.2/s3e/edk/lib/android/libedk.a(edk_helpers.o)
                0x000017e0                s3eEdkThreadRunOnOSAsync
 .text.s3eEdkThreadRunOnOS
                0x00001810       0x30 /Developer/Marmalade/5.2/s3e/edk/lib/android/libedk.a(edk_helpers.o)
                0x00001810                s3eEdkThreadRunOnOS
 .text.s3eEdkErrorSetString
                0x00001840       0x30 /Developer/Marmalade/5.2/s3e/edk/lib/android/libedk.a(edk_helpers.o)
                0x00001840                s3eEdkErrorSetString
 *(.gnu.warning)
 *(.glue_7t)
 .glue_7t       0x00000000        0x0 linker stubs
 *(.glue_7)
 .glue_7        0x00000000        0x0 linker stubs
 *(.vfp11_veneer)
 .vfp11_veneer  0x00000000        0x0 linker stubs
 *(.v4_bx)
 .v4_bx         0x00000000        0x0 linker stubs

.fini
 *(.fini)
                0x00001870                PROVIDE (__etext, .)
                0x00001870                PROVIDE (_etext, .)
                0x00001870                PROVIDE (etext, .)

.rodata         0x00001870      0x1d4
 *(.rodata .rodata.* .gnu.linkonce.r.*)
 .rodata.str1.4
                0x00001870      0x1d4 release/s3eFlurry_platform.os
 .rodata.str1.4
                0x00000000        0xc release/s3eFlurry_register.os

.rodata1
 *(.rodata1)

.ARM.extab      0x00001a44       0x24
 *(.ARM.extab* .gnu.linkonce.armextab.*)
 .ARM.extab.text.s3eEdkThreadRunOnOSAsync
                0x00001a44        0xc /Developer/Marmalade/5.2/s3e/edk/lib/android/libedk.a(edk_helpers.o)
 .ARM.extab.text.s3eEdkThreadRunOnOS
                0x00001a50        0xc /Developer/Marmalade/5.2/s3e/edk/lib/android/libedk.a(edk_helpers.o)
 .ARM.extab.text.s3eEdkErrorSetString
                0x00001a5c        0xc /Developer/Marmalade/5.2/s3e/edk/lib/android/libedk.a(edk_helpers.o)
                0x00001a68                __exidx_start = .

.ARM.exidx      0x00001a68       0x18
 *(.ARM.exidx* .gnu.linkonce.armexidx.*)
 .ARM.exidx.text.s3eEdkThreadRunOnOSAsync
                0x00001a68        0x8 /Developer/Marmalade/5.2/s3e/edk/lib/android/libedk.a(edk_helpers.o)
 .ARM.exidx.text.s3eEdkThreadRunOnOS
                0x00001a70        0x8 /Developer/Marmalade/5.2/s3e/edk/lib/android/libedk.a(edk_helpers.o)
 .ARM.exidx.text.s3eEdkErrorSetString
                0x00001a78        0x8 /Developer/Marmalade/5.2/s3e/edk/lib/android/libedk.a(edk_helpers.o)
                0x00001a80                __exidx_end = .

.eh_frame_hdr
 *(.eh_frame_hdr)

.eh_frame
 *(.eh_frame)

.gcc_except_table
 *(.gcc_except_table .gcc_except_table.*)
                0x00001a80                . = (ALIGN (0x1000) - ((0x1000 - .) & 0xfff))
                0x00002a80                . = (0x1000 DATA_SEGMENT_ALIGN 0x1000)

.eh_frame
 *(.eh_frame)

.gcc_except_table
 *(.gcc_except_table .gcc_except_table.*)

.tdata
 *(.tdata .tdata.* .gnu.linkonce.td.*)

.tbss
 *(.tbss .tbss.* .gnu.linkonce.tb.*)
 *(.tcommon)

.preinit_array
 *(.preinit_array)

.init_array
 *(SORT(.init_array.*))
 *(.init_array)

.fini_array
 *(.fini_array)
 *(SORT(.fini_array.*))

.ctors
 *crtbegin.o(.ctors)
 *crtbegin?.o(.ctors)
 *(EXCLUDE_FILE(*crtend?.o *crtend.o) .ctors)
 *(SORT(.ctors.*))
 *(.ctors)

.dtors
 *crtbegin.o(.dtors)
 *crtbegin?.o(.dtors)
 *(EXCLUDE_FILE(*crtend?.o *crtend.o) .dtors)
 *(SORT(.dtors.*))
 *(.dtors)

.jcr
 *(.jcr)

.data.rel.ro
 *(.data.rel.ro.local* .gnu.linkonce.d.rel.ro.local.*)
 *(.data.rel.ro* .gnu.linkonce.d.rel.ro.*)

.dynamic        0x00002a80       0xb8
 *(.dynamic)
 .dynamic       0x00002a80       0xb8 release/s3eFlurry_platform.os
                0x00002a80                _DYNAMIC
                0x00002b38                . = (. DATA_SEGMENT_RELRO_END 0x0)

.got            0x00002b38       0x60
 *(.got.plt)
 .got.plt       0x00002b38       0x20 release/s3eFlurry_platform.os
                0x00002b38                _GLOBAL_OFFSET_TABLE_
 *(.got)
 .got           0x00002b58       0x40 release/s3eFlurry_platform.os

.data           0x00002b98        0x0
                0x00002b98                __data_start = .
 *(.data .data.* .gnu.linkonce.d.*)
 .data          0x00002b98        0x0 release/s3eFlurry_platform.os
 .data          0x00002b98        0x0 release/s3eFlurry.os
 .data          0x00002b98        0x0 release/s3eFlurry_register.os
 .data          0x00002b98        0x0 /Developer/Marmalade/5.2/s3e/edk/lib/android/libedk.a(edk_helpers.o)

.data1
 *(.data1)
                0x00002b98                _edata = .
                0x00002b98                PROVIDE (edata, .)
                0x00002b98                __bss_start = .
                0x00002b98                __bss_start__ = .

.bss            0x00002b98       0x3c
 *(.dynbss)
 .dynbss        0x00000000        0x0 release/s3eFlurry_platform.os
 *(.bss .bss.* .gnu.linkonce.b.*)
 .bss           0x00002b98       0x3c release/s3eFlurry_platform.os
 .bss           0x00002bd4        0x0 release/s3eFlurry.os
 .bss           0x00002bd4        0x0 release/s3eFlurry_register.os
 .bss           0x00002bd4        0x0 /Developer/Marmalade/5.2/s3e/edk/lib/android/libedk.a(edk_helpers.o)
 *(COMMON)
                0x00002bd4                . = ALIGN ((. != 0x0)?0x4:0x1)
                0x00002bd4                _bss_end__ = .
                0x00002bd4                __bss_end__ = .
                0x00002bd4                . = ALIGN (0x4)
                0x00002bd4                . = ALIGN (0x4)
                0x00002bd4                __end__ = .
                0x00002bd4                _end = .
                0x00002bd4                PROVIDE (end, .)
                0x00002bd4                . = DATA_SEGMENT_END (.)

.stab
 *(.stab)

.stabstr
 *(.stabstr)

.stab.excl
 *(.stab.excl)

.stab.exclstr
 *(.stab.exclstr)

.stab.index
 *(.stab.index)

.stab.indexstr
 *(.stab.indexstr)

.comment        0x00000000       0x61
 *(.comment)
 .comment       0x00000000       0x12 release/s3eFlurry_platform.os
 .comment       0x00000012       0x12 release/s3eFlurry.os
 .comment       0x00000024       0x12 release/s3eFlurry_register.os
 .comment       0x00000036       0x2b /Developer/Marmalade/5.2/s3e/edk/lib/android/libedk.a(edk_helpers.o)

.debug
 *(.debug)

.line
 *(.line)

.debug_srcinfo
 *(.debug_srcinfo)

.debug_sfnames
 *(.debug_sfnames)

.debug_aranges
 *(.debug_aranges)

.debug_pubnames
 *(.debug_pubnames)

.debug_info
 *(.debug_info .gnu.linkonce.wi.*)

.debug_abbrev
 *(.debug_abbrev)

.debug_line
 *(.debug_line)

.debug_frame
 *(.debug_frame)

.debug_str
 *(.debug_str)

.debug_loc
 *(.debug_loc)

.debug_macinfo
 *(.debug_macinfo)

.debug_weaknames
 *(.debug_weaknames)

.debug_funcnames
 *(.debug_funcnames)

.debug_typenames
 *(.debug_typenames)

.debug_varnames
 *(.debug_varnames)

.debug_pubtypes
 *(.debug_pubtypes)

.debug_ranges
 *(.debug_ranges)

.gnu.attributes
 *(.gnu.attributes)

.note.gnu.arm.ident
 *(.note.gnu.arm.ident)

/DISCARD/
 *(.note.GNU-stack)
 *(.gnu_debuglink)
OUTPUT(/Users/valeriiivanov/Documents/workspace/KeiTaiToys/MKTT/s3eFlurry/lib/android/libs3eFlurry.so elf32-littlearm)

.ARM.attributes
                0x00000000       0x2a
 .ARM.attributes
                0x00000000       0x28 release/s3eFlurry_platform.os
 .ARM.attributes
                0x00000028       0x28 release/s3eFlurry.os
 .ARM.attributes
                0x00000050       0x28 release/s3eFlurry_register.os
 .ARM.attributes
                0x00000078       0x2c /Developer/Marmalade/5.2/s3e/edk/lib/android/libedk.a(edk_helpers.o)
