Archive member included because of file (symbol)

/Developer/Marmalade/5.2/s3e/edk/lib/android/libedk.a(IwDebug.o)
                              debug/s3eFlurry_platform.os (IwDebugTraceSetTraceChannel)
/Developer/Marmalade/5.2/s3e/edk/lib/android/libedk.a(edk_helpers.o)
                              debug/s3eFlurry_platform.os (s3eEdkThreadRunOnOS)

Discarded input sections

 _ZN7_JNIEnv9FindClassEPKc
                0x00000000        0x0 debug/s3eFlurry_platform.os
 _ZN7_JNIEnv17ExceptionOccurredEv
                0x00000000        0x0 debug/s3eFlurry_platform.os
 _ZN7_JNIEnv17ExceptionDescribeEv
                0x00000000        0x0 debug/s3eFlurry_platform.os
 _ZN7_JNIEnv14ExceptionClearEv
                0x00000000        0x0 debug/s3eFlurry_platform.os
 _ZN7_JNIEnv12NewGlobalRefEP8_jobject
                0x00000000        0x0 debug/s3eFlurry_platform.os
 _ZN7_JNIEnv14DeleteLocalRefEP8_jobject
                0x00000000        0x0 debug/s3eFlurry_platform.os
 _ZN7_JNIEnv9NewObjectEP7_jclassP10_jmethodIDz
                0x00000000        0x0 debug/s3eFlurry_platform.os
 _ZN7_JNIEnv11GetMethodIDEP7_jclassPKcS3_
                0x00000000        0x0 debug/s3eFlurry_platform.os
 _ZN7_JNIEnv14CallVoidMethodEP8_jobjectP10_jmethodIDz
                0x00000000        0x0 debug/s3eFlurry_platform.os
 _ZN7_JNIEnv12NewStringUTFEPKc
                0x00000000        0x0 debug/s3eFlurry_platform.os
 _ZN7_JavaVM6GetEnvEPPvi
                0x00000000        0x0 debug/s3eFlurry_platform.os
 .note.GNU-stack
                0x00000000        0x0 debug/s3eFlurry_platform.os
 .note.GNU-stack
                0x00000000        0x0 debug/s3eFlurry.os
 .note.GNU-stack
                0x00000000        0x0 debug/s3eFlurry_register.os
 .note.GNU-stack
                0x00000000        0x0 /Developer/Marmalade/5.2/s3e/edk/lib/android/libedk.a(IwDebug.o)
 .note.GNU-stack
                0x00000000        0x0 /Developer/Marmalade/5.2/s3e/edk/lib/android/libedk.a(edk_helpers.o)

Memory Configuration

Name             Origin             Length             Attributes
*default*        0x00000000         0xffffffff

Linker script and memory map

LOAD debug/s3eFlurry_platform.os
LOAD debug/s3eFlurry.os
LOAD debug/s3eFlurry_register.os
LOAD /Developer/Marmalade/5.2/s3e/edk/lib/android/libedk.a
LOAD /Developer/Marmalade/5.2/s3e/edk/lib/android/libplaceholderplaceholderplaceholderplaceholderplaceholder.so
LOAD /Developer/android-ndk-r5/platforms/android-9/arch-arm/usr/lib/libc.so
LOAD /Developer/android-ndk-r5/platforms/android-9/arch-arm/usr/lib/libm.so
LOAD /Developer/android-ndk-r5/platforms/android-9/arch-arm/usr/lib/liblog.so
LOAD /Developer/android-ndk-r5/sources/cxx-stl/gnu-libstdc++/libs/armeabi/libstdc++.a
LOAD /Developer/android-ndk-r5/toolchains/arm-linux-androideabi-4.4.3/prebuilt/darwin-x86/bin/../lib/gcc/arm-linux-androideabi/4.4.3/libgcc.a
                0x000000d4                . = (0x0 + SIZEOF_HEADERS)

.note.gnu.build-id
 *(.note.gnu.build-id)

.hash           0x000000d4       0xe8
 *(.hash)
 .hash          0x000000d4       0xe8 debug/s3eFlurry_platform.os

.gnu.hash
 *(.gnu.hash)

.dynsym         0x000001bc      0x270
 *(.dynsym)
 .dynsym        0x000001bc      0x270 debug/s3eFlurry_platform.os

.dynstr         0x0000042c      0x224
 *(.dynstr)
 .dynstr        0x0000042c      0x224 debug/s3eFlurry_platform.os

.gnu.version    0x00000650        0x0
 *(.gnu.version)
 .gnu.version   0x00000000        0x0 debug/s3eFlurry_platform.os

.gnu.version_d  0x00000650        0x0
 *(.gnu.version_d)
 .gnu.version_d
                0x00000000        0x0 debug/s3eFlurry_platform.os

.gnu.version_r  0x00000650        0x0
 *(.gnu.version_r)
 .gnu.version_r
                0x00000000        0x0 debug/s3eFlurry_platform.os

.rel.dyn        0x00000650      0x1b0
 *(.rel.init)
 *(.rel.text .rel.text.* .rel.gnu.linkonce.t.*)
 .rel.text.IwAssertRegisterTextCallback
                0x00000650        0x8 debug/s3eFlurry_platform.os
 .rel.text.IwAssertRegisterCallback
                0x00000658        0x8 debug/s3eFlurry_platform.os
 .rel.text.IwDebugTraceSetTraceChannel
                0x00000660        0x8 debug/s3eFlurry_platform.os
 .rel.text.IwDebugErrorRegisterCallback
                0x00000668        0x8 debug/s3eFlurry_platform.os
 .rel.text.IwDebugAssertSetUID
                0x00000670        0x8 debug/s3eFlurry_platform.os
 .rel.text._GLOBAL__I_g_DebugGlobals
                0x00000678        0x8 debug/s3eFlurry_platform.os
 .rel.text.IwDebugClearConfigCache
                0x00000680        0x8 debug/s3eFlurry_platform.os
 .rel.text.IwDebugErrorShow
                0x00000688       0x10 debug/s3eFlurry_platform.os
 .rel.text.IwDebugTraceLineVPrintf
                0x00000698       0x20 debug/s3eFlurry_platform.os
 .rel.text.IwDebugTraceIsChannelOn
                0x000006b8       0x18 debug/s3eFlurry_platform.os
 .rel.text.IwDebugAssertIsChannelOn
                0x000006d0       0x10 debug/s3eFlurry_platform.os
 .rel.text.IwDebugAssertSetMessage
                0x000006e0       0x20 debug/s3eFlurry_platform.os
 .rel.text.IwDebugAssertSetSolution
                0x00000700       0x18 debug/s3eFlurry_platform.os
 .rel.text.IwDebugAssertShow
                0x00000718       0x48 debug/s3eFlurry_platform.os
 .rel.text.IwDebugTraceChannelSwitch
                0x00000760       0x18 debug/s3eFlurry_platform.os
 *(.rel.fini)
 *(.rel.rodata .rel.rodata.* .rel.gnu.linkonce.r.*)
 *(.rel.data.rel.ro* .rel.gnu.linkonce.d.rel.ro.*)
 *(.rel.data .rel.data.* .rel.gnu.linkonce.d.*)
 *(.rel.tdata .rel.tdata.* .rel.gnu.linkonce.td.*)
 *(.rel.tbss .rel.tbss.* .rel.gnu.linkonce.tb.*)
 *(.rel.ctors)
 *(.rel.dtors)
 *(.rel.got)
 .rel.got       0x00000778       0x80 debug/s3eFlurry_platform.os
 *(.rel.bss .rel.bss.* .rel.gnu.linkonce.b.*)
 .rel.init_array
                0x000007f8        0x8 debug/s3eFlurry_platform.os

.rela.dyn
 *(.rela.init)
 *(.rela.text .rela.text.* .rela.gnu.linkonce.t.*)
 *(.rela.fini)
 *(.rela.rodata .rela.rodata.* .rela.gnu.linkonce.r.*)
 *(.rela.data .rela.data.* .rela.gnu.linkonce.d.*)
 *(.rela.tdata .rela.tdata.* .rela.gnu.linkonce.td.*)
 *(.rela.tbss .rela.tbss.* .rela.gnu.linkonce.tb.*)
 *(.rela.ctors)
 *(.rela.dtors)
 *(.rela.got)
 *(.rela.bss .rela.bss.* .rela.gnu.linkonce.b.*)

.rel.plt        0x00000800       0xb8
 *(.rel.plt)
 .rel.plt       0x00000800       0xb8 debug/s3eFlurry_platform.os

.rela.plt
 *(.rela.plt)

.init
 *(.init)

.plt            0x000008b8      0x128
 *(.plt)
 .plt           0x000008b8      0x128 debug/s3eFlurry_platform.os

.text           0x000009e0     0x2eb4
 *(.text .stub .text.* .gnu.linkonce.t.*)
 .text          0x000009e0      0xe04 debug/s3eFlurry_platform.os
                0x0000152c                _Z29s3eFlurrySetLocation_platformP11s3eLocation
                0x00001580                _Z41s3eFlurrySetSessionReportOnClose_platformh
                0x000013c0                _Z27s3eFlurrySetUserID_platformPKc
                0x000011e8                _Z23s3eFlurryStart_platformPKc
                0x000015d8                _Z41s3eFlurrySetSessionReportOnPause_platformh
                0x000012c8                _Z31s3eFlurryEndTimedEvent_platformPKc
                0x00001254                _Z26s3eFlurryLogEvent_platformPKch
                0x00001334                _Z26s3eFlurryLogError_platformPKcS0_
                0x000016ec                _Z30s3eFlurryShowAdBanner_platformh
                0x000011e4                _Z27s3eFlurryTerminate_platformv
                0x0000142c                _Z28s3eFlurrySetUserAge_platformh
                0x00001484                _Z31s3eFlurrySetUserGender_platform19s3eFlurryUserGender
                0x00000ae0                _Z22s3eFlurryInit_platformv
                0x00001680                _Z32s3eFlurrySetDefaultText_platformPKc
                0x00001630                _Z33s3eFlurryAppCircleEnable_platformv
                0x00001794                _Z31s3eFlurryShowOfferWall_platformv
 .text._ZN7_JNIEnv9FindClassEPKc
                0x000017e4       0x40 debug/s3eFlurry_platform.os
                0x000017e4                _ZN7_JNIEnv9FindClassEPKc
 .text._ZN7_JNIEnv17ExceptionOccurredEv
                0x00001824       0x38 debug/s3eFlurry_platform.os
                0x00001824                _ZN7_JNIEnv17ExceptionOccurredEv
 .text._ZN7_JNIEnv17ExceptionDescribeEv
                0x0000185c       0x30 debug/s3eFlurry_platform.os
                0x0000185c                _ZN7_JNIEnv17ExceptionDescribeEv
 .text._ZN7_JNIEnv14ExceptionClearEv
                0x0000188c       0x30 debug/s3eFlurry_platform.os
                0x0000188c                _ZN7_JNIEnv14ExceptionClearEv
 .text._ZN7_JNIEnv12NewGlobalRefEP8_jobject
                0x000018bc       0x40 debug/s3eFlurry_platform.os
                0x000018bc                _ZN7_JNIEnv12NewGlobalRefEP8_jobject
 .text._ZN7_JNIEnv14DeleteLocalRefEP8_jobject
                0x000018fc       0x38 debug/s3eFlurry_platform.os
                0x000018fc                _ZN7_JNIEnv14DeleteLocalRefEP8_jobject
 .text._ZN7_JNIEnv9NewObjectEP7_jclassP10_jmethodIDz
                0x00001934       0x60 debug/s3eFlurry_platform.os
                0x00001934                _ZN7_JNIEnv9NewObjectEP7_jclassP10_jmethodIDz
 .text._ZN7_JNIEnv11GetMethodIDEP7_jclassPKcS3_
                0x00001994       0x50 debug/s3eFlurry_platform.os
                0x00001994                _ZN7_JNIEnv11GetMethodIDEP7_jclassPKcS3_
 .text._ZN7_JNIEnv14CallVoidMethodEP8_jobjectP10_jmethodIDz
                0x000019e4       0x50 debug/s3eFlurry_platform.os
                0x000019e4                _ZN7_JNIEnv14CallVoidMethodEP8_jobjectP10_jmethodIDz
 .text._ZN7_JNIEnv12NewStringUTFEPKc
                0x00001a34       0x40 debug/s3eFlurry_platform.os
                0x00001a34                _ZN7_JNIEnv12NewStringUTFEPKc
 .text._ZN7_JavaVM6GetEnvEPPvi
                0x00001a74       0x48 debug/s3eFlurry_platform.os
                0x00001a74                _ZN7_JavaVM6GetEnvEPPvi
 .text          0x00001abc      0x200 debug/s3eFlurry.os
                0x00001ae4                s3eFlurryStart
                0x00001b34                s3eFlurryEndTimedEvent
                0x00001abc                _Z13s3eFlurryInitv
                0x00001c04                s3eFlurrySetSessionReportOnClose
                0x00001be4                s3eFlurrySetLocation
                0x00001b7c                s3eFlurrySetUserID
                0x00001ad4                _Z18s3eFlurryTerminatev
                0x00001b04                s3eFlurryLogEvent
                0x00001c54                s3eFlurryAppCircleEnable
                0x00001c64                s3eFlurrySetDefaultText
                0x00001c84                s3eFlurryShowAdBanner
                0x00001c2c                s3eFlurrySetSessionReportOnPause
                0x00001b54                s3eFlurryLogError
                0x00001b9c                s3eFlurrySetUserAge
                0x00001bc4                s3eFlurrySetUserGender
                0x00001cac                s3eFlurryShowOfferWall
 .text          0x00001cbc      0xac0 debug/s3eFlurry_register.os
                0x00002574                _Z20s3eFlurryRegisterExtv
                0x0000276c                RegisterExt
 .text          0x0000277c        0x0 /Developer/Marmalade/5.2/s3e/edk/lib/android/libedk.a(IwDebug.o)
 .text.IwAssertRegisterTextCallback
                0x0000277c       0x18 /Developer/Marmalade/5.2/s3e/edk/lib/android/libedk.a(IwDebug.o)
                0x0000277c                IwAssertRegisterTextCallback
 .text.IwAssertRegisterCallback
                0x00002794       0x18 /Developer/Marmalade/5.2/s3e/edk/lib/android/libedk.a(IwDebug.o)
                0x00002794                IwAssertRegisterCallback
 .text.IwDebugTraceSetTraceChannel
                0x000027ac       0x18 /Developer/Marmalade/5.2/s3e/edk/lib/android/libedk.a(IwDebug.o)
                0x000027ac                IwDebugTraceSetTraceChannel
 .text.IwDebugErrorRegisterCallback
                0x000027c4       0x18 /Developer/Marmalade/5.2/s3e/edk/lib/android/libedk.a(IwDebug.o)
                0x000027c4                IwDebugErrorRegisterCallback
 .text.IwDebugAssertSetUID
                0x000027dc       0x10 /Developer/Marmalade/5.2/s3e/edk/lib/android/libedk.a(IwDebug.o)
                0x000027dc                IwDebugAssertSetUID
 .text._GLOBAL__I_g_DebugGlobals
                0x000027ec       0x8c /Developer/Marmalade/5.2/s3e/edk/lib/android/libedk.a(IwDebug.o)
 .text.IwDebugClearConfigCache
                0x00002878       0x80 /Developer/Marmalade/5.2/s3e/edk/lib/android/libedk.a(IwDebug.o)
                0x00002878                IwDebugClearConfigCache
 .text.IwDebugErrorShow
                0x000028f8       0xdc /Developer/Marmalade/5.2/s3e/edk/lib/android/libedk.a(IwDebug.o)
                0x000028f8                IwDebugErrorShow
 .text.IwDebugTraceLineVPrintf
                0x000029d4       0xe8 /Developer/Marmalade/5.2/s3e/edk/lib/android/libedk.a(IwDebug.o)
                0x000029d4                IwDebugTraceLineVPrintf
 .text.IwDebugTraceLinePrintf
                0x00002abc       0x30 /Developer/Marmalade/5.2/s3e/edk/lib/android/libedk.a(IwDebug.o)
                0x00002abc                IwDebugTraceLinePrintf
 .text.IwDebugTraceIsChannelOn
                0x00002aec      0x278 /Developer/Marmalade/5.2/s3e/edk/lib/android/libedk.a(IwDebug.o)
                0x00002aec                IwDebugTraceIsChannelOn
 .text.IwDebugAssertIsChannelOn
                0x00002d64      0x1d0 /Developer/Marmalade/5.2/s3e/edk/lib/android/libedk.a(IwDebug.o)
                0x00002d64                IwDebugAssertIsChannelOn
 .text.IwDebugTraceDisable
                0x00002f34       0x1c /Developer/Marmalade/5.2/s3e/edk/lib/android/libedk.a(IwDebug.o)
                0x00002f34                IwDebugTraceDisable
 .text.IwDebugAssertSetMessage
                0x00002f50       0xe4 /Developer/Marmalade/5.2/s3e/edk/lib/android/libedk.a(IwDebug.o)
                0x00002f50                IwDebugAssertSetMessage
 .text.IwDebugAssertSetSolution
                0x00003034       0x90 /Developer/Marmalade/5.2/s3e/edk/lib/android/libedk.a(IwDebug.o)
                0x00003034                IwDebugAssertSetSolution
 .text.IwDebugAssertShow
                0x000030c4      0x2e8 /Developer/Marmalade/5.2/s3e/edk/lib/android/libedk.a(IwDebug.o)
                0x000030c4                IwDebugAssertShow
 .text.IwDebugTraceChannelSwitch
                0x000033ac      0x458 /Developer/Marmalade/5.2/s3e/edk/lib/android/libedk.a(IwDebug.o)
                0x000033ac                IwDebugTraceChannelSwitch
 .text          0x00003804        0x0 /Developer/Marmalade/5.2/s3e/edk/lib/android/libedk.a(edk_helpers.o)
 .text.s3eEdkThreadRunOnOSAsync
                0x00003804       0x30 /Developer/Marmalade/5.2/s3e/edk/lib/android/libedk.a(edk_helpers.o)
                0x00003804                s3eEdkThreadRunOnOSAsync
 .text.s3eEdkThreadRunOnOS
                0x00003834       0x30 /Developer/Marmalade/5.2/s3e/edk/lib/android/libedk.a(edk_helpers.o)
                0x00003834                s3eEdkThreadRunOnOS
 .text.s3eEdkErrorSetString
                0x00003864       0x30 /Developer/Marmalade/5.2/s3e/edk/lib/android/libedk.a(edk_helpers.o)
                0x00003864                s3eEdkErrorSetString
 *(.gnu.warning)
 *(.glue_7t)
 .glue_7t       0x00000000        0x0 linker stubs
 *(.glue_7)
 .glue_7        0x00000000        0x0 linker stubs
 *(.vfp11_veneer)
 .vfp11_veneer  0x00000000        0x0 linker stubs
 *(.v4_bx)
 .v4_bx         0x00000000        0x0 linker stubs

.fini
 *(.fini)
                0x00003894                PROVIDE (__etext, .)
                0x00003894                PROVIDE (_etext, .)
                0x00003894                PROVIDE (etext, .)

.rodata         0x00003894      0x6c8
 *(.rodata .rodata.* .gnu.linkonce.r.*)
 .rodata        0x00003894      0x21c debug/s3eFlurry_platform.os
 .rodata        0x00003ab0      0x390 debug/s3eFlurry_register.os
 .rodata.str1.4
                0x00003e40      0x11c /Developer/Marmalade/5.2/s3e/edk/lib/android/libedk.a(IwDebug.o)
                                0x120 (size before relaxing)

.rodata1
 *(.rodata1)

.ARM.extab      0x00003f5c       0x6c
 *(.ARM.extab* .gnu.linkonce.armextab.*)
 .ARM.extab.text.IwAssertRegisterTextCallback
                0x00003f5c        0x0 /Developer/Marmalade/5.2/s3e/edk/lib/android/libedk.a(IwDebug.o)
 .ARM.extab.text.IwAssertRegisterCallback
                0x00003f5c        0x0 /Developer/Marmalade/5.2/s3e/edk/lib/android/libedk.a(IwDebug.o)
 .ARM.extab.text.IwDebugTraceSetTraceChannel
                0x00003f5c        0x0 /Developer/Marmalade/5.2/s3e/edk/lib/android/libedk.a(IwDebug.o)
 .ARM.extab.text.IwDebugErrorRegisterCallback
                0x00003f5c        0x0 /Developer/Marmalade/5.2/s3e/edk/lib/android/libedk.a(IwDebug.o)
 .ARM.extab.text.IwDebugAssertSetUID
                0x00003f5c        0x0 /Developer/Marmalade/5.2/s3e/edk/lib/android/libedk.a(IwDebug.o)
 .ARM.extab.text._GLOBAL__I_g_DebugGlobals
                0x00003f5c        0x0 /Developer/Marmalade/5.2/s3e/edk/lib/android/libedk.a(IwDebug.o)
 .ARM.extab.text.IwDebugClearConfigCache
                0x00003f5c        0x0 /Developer/Marmalade/5.2/s3e/edk/lib/android/libedk.a(IwDebug.o)
 .ARM.extab.text.IwDebugErrorShow
                0x00003f5c        0xc /Developer/Marmalade/5.2/s3e/edk/lib/android/libedk.a(IwDebug.o)
 .ARM.extab.text.IwDebugTraceLineVPrintf
                0x00003f68        0xc /Developer/Marmalade/5.2/s3e/edk/lib/android/libedk.a(IwDebug.o)
 .ARM.extab.text.IwDebugTraceLinePrintf
                0x00003f74        0xc /Developer/Marmalade/5.2/s3e/edk/lib/android/libedk.a(IwDebug.o)
 .ARM.extab.text.IwDebugTraceIsChannelOn
                0x00003f80        0x0 /Developer/Marmalade/5.2/s3e/edk/lib/android/libedk.a(IwDebug.o)
 .ARM.extab.text.IwDebugAssertIsChannelOn
                0x00003f80        0x0 /Developer/Marmalade/5.2/s3e/edk/lib/android/libedk.a(IwDebug.o)
 .ARM.extab.text.IwDebugTraceDisable
                0x00003f80        0xc /Developer/Marmalade/5.2/s3e/edk/lib/android/libedk.a(IwDebug.o)
 .ARM.extab.text.IwDebugAssertSetMessage
                0x00003f8c        0xc /Developer/Marmalade/5.2/s3e/edk/lib/android/libedk.a(IwDebug.o)
 .ARM.extab.text.IwDebugAssertSetSolution
                0x00003f98        0xc /Developer/Marmalade/5.2/s3e/edk/lib/android/libedk.a(IwDebug.o)
 .ARM.extab.text.IwDebugAssertShow
                0x00003fa4        0x0 /Developer/Marmalade/5.2/s3e/edk/lib/android/libedk.a(IwDebug.o)
 .ARM.extab.text.IwDebugTraceChannelSwitch
                0x00003fa4        0x0 /Developer/Marmalade/5.2/s3e/edk/lib/android/libedk.a(IwDebug.o)
 .ARM.extab.text.s3eEdkThreadRunOnOSAsync
                0x00003fa4        0xc /Developer/Marmalade/5.2/s3e/edk/lib/android/libedk.a(edk_helpers.o)
 .ARM.extab.text.s3eEdkThreadRunOnOS
                0x00003fb0        0xc /Developer/Marmalade/5.2/s3e/edk/lib/android/libedk.a(edk_helpers.o)
 .ARM.extab.text.s3eEdkErrorSetString
                0x00003fbc        0xc /Developer/Marmalade/5.2/s3e/edk/lib/android/libedk.a(edk_helpers.o)
                0x00003fc8                __exidx_start = .

.ARM.exidx      0x00003fc8       0xa0
 *(.ARM.exidx* .gnu.linkonce.armexidx.*)
 .ARM.exidx.text.IwAssertRegisterTextCallback
                0x00003fc8        0x8 /Developer/Marmalade/5.2/s3e/edk/lib/android/libedk.a(IwDebug.o)
 .ARM.exidx.text.IwAssertRegisterCallback
                0x00003fd0        0x8 /Developer/Marmalade/5.2/s3e/edk/lib/android/libedk.a(IwDebug.o)
 .ARM.exidx.text.IwDebugTraceSetTraceChannel
                0x00003fd8        0x8 /Developer/Marmalade/5.2/s3e/edk/lib/android/libedk.a(IwDebug.o)
 .ARM.exidx.text.IwDebugErrorRegisterCallback
                0x00003fe0        0x8 /Developer/Marmalade/5.2/s3e/edk/lib/android/libedk.a(IwDebug.o)
 .ARM.exidx.text.IwDebugAssertSetUID
                0x00003fe8        0x8 /Developer/Marmalade/5.2/s3e/edk/lib/android/libedk.a(IwDebug.o)
 .ARM.exidx.text._GLOBAL__I_g_DebugGlobals
                0x00003ff0        0x8 /Developer/Marmalade/5.2/s3e/edk/lib/android/libedk.a(IwDebug.o)
 .ARM.exidx.text.IwDebugClearConfigCache
                0x00003ff8        0x8 /Developer/Marmalade/5.2/s3e/edk/lib/android/libedk.a(IwDebug.o)
 .ARM.exidx.text.IwDebugErrorShow
                0x00004000        0x8 /Developer/Marmalade/5.2/s3e/edk/lib/android/libedk.a(IwDebug.o)
 .ARM.exidx.text.IwDebugTraceLineVPrintf
                0x00004008        0x8 /Developer/Marmalade/5.2/s3e/edk/lib/android/libedk.a(IwDebug.o)
 .ARM.exidx.text.IwDebugTraceLinePrintf
                0x00004010        0x8 /Developer/Marmalade/5.2/s3e/edk/lib/android/libedk.a(IwDebug.o)
 .ARM.exidx.text.IwDebugTraceIsChannelOn
                0x00004018        0x8 /Developer/Marmalade/5.2/s3e/edk/lib/android/libedk.a(IwDebug.o)
 .ARM.exidx.text.IwDebugAssertIsChannelOn
                0x00004020        0x8 /Developer/Marmalade/5.2/s3e/edk/lib/android/libedk.a(IwDebug.o)
 .ARM.exidx.text.IwDebugTraceDisable
                0x00004028        0x8 /Developer/Marmalade/5.2/s3e/edk/lib/android/libedk.a(IwDebug.o)
 .ARM.exidx.text.IwDebugAssertSetMessage
                0x00004030        0x8 /Developer/Marmalade/5.2/s3e/edk/lib/android/libedk.a(IwDebug.o)
 .ARM.exidx.text.IwDebugAssertSetSolution
                0x00004038        0x8 /Developer/Marmalade/5.2/s3e/edk/lib/android/libedk.a(IwDebug.o)
 .ARM.exidx.text.IwDebugAssertShow
                0x00004040        0x8 /Developer/Marmalade/5.2/s3e/edk/lib/android/libedk.a(IwDebug.o)
 .ARM.exidx.text.IwDebugTraceChannelSwitch
                0x00004048        0x8 /Developer/Marmalade/5.2/s3e/edk/lib/android/libedk.a(IwDebug.o)
 .ARM.exidx.text.s3eEdkThreadRunOnOSAsync
                0x00004050        0x8 /Developer/Marmalade/5.2/s3e/edk/lib/android/libedk.a(edk_helpers.o)
 .ARM.exidx.text.s3eEdkThreadRunOnOS
                0x00004058        0x8 /Developer/Marmalade/5.2/s3e/edk/lib/android/libedk.a(edk_helpers.o)
 .ARM.exidx.text.s3eEdkErrorSetString
                0x00004060        0x8 /Developer/Marmalade/5.2/s3e/edk/lib/android/libedk.a(edk_helpers.o)
                0x00004068                __exidx_end = .

.eh_frame_hdr
 *(.eh_frame_hdr)

.eh_frame
 *(.eh_frame)

.gcc_except_table
 *(.gcc_except_table .gcc_except_table.*)
                0x00004068                . = (ALIGN (0x1000) - ((0x1000 - .) & 0xfff))
                0x00005068                . = (0x1000 DATA_SEGMENT_ALIGN 0x1000)

.eh_frame
 *(.eh_frame)

.gcc_except_table
 *(.gcc_except_table .gcc_except_table.*)

.tdata
 *(.tdata .tdata.* .gnu.linkonce.td.*)

.tbss
 *(.tbss .tbss.* .gnu.linkonce.tb.*)
 *(.tcommon)

.preinit_array
 *(.preinit_array)

.init_array     0x00005068        0x4
 *(SORT(.init_array.*))
 *(.init_array)
 .init_array    0x00005068        0x4 /Developer/Marmalade/5.2/s3e/edk/lib/android/libedk.a(IwDebug.o)

.fini_array
 *(.fini_array)
 *(SORT(.fini_array.*))

.ctors
 *crtbegin.o(.ctors)
 *crtbegin?.o(.ctors)
 *(EXCLUDE_FILE(*crtend?.o *crtend.o) .ctors)
 *(SORT(.ctors.*))
 *(.ctors)

.dtors
 *crtbegin.o(.dtors)
 *crtbegin?.o(.dtors)
 *(EXCLUDE_FILE(*crtend?.o *crtend.o) .dtors)
 *(SORT(.dtors.*))
 *(.dtors)

.jcr
 *(.jcr)

.data.rel.ro
 *(.data.rel.ro.local* .gnu.linkonce.d.rel.ro.local.*)
 *(.data.rel.ro* .gnu.linkonce.d.rel.ro.*)

.dynamic        0x0000506c       0xd0
 *(.dynamic)
 .dynamic       0x0000506c       0xd0 debug/s3eFlurry_platform.os
                0x0000506c                _DYNAMIC
                0x0000513c                . = (. DATA_SEGMENT_RELRO_END 0x0)

.got            0x0000513c       0xa8
 *(.got.plt)
 .got.plt       0x0000513c       0x68 debug/s3eFlurry_platform.os
                0x0000513c                _GLOBAL_OFFSET_TABLE_
 *(.got)
 .got           0x000051a4       0x40 debug/s3eFlurry_platform.os

.data           0x000051e4        0x0
                0x000051e4                __data_start = .
 *(.data .data.* .gnu.linkonce.d.*)
 .data          0x000051e4        0x0 debug/s3eFlurry_platform.os
 .data          0x000051e4        0x0 debug/s3eFlurry.os
 .data          0x000051e4        0x0 debug/s3eFlurry_register.os
 .data          0x000051e4        0x0 /Developer/Marmalade/5.2/s3e/edk/lib/android/libedk.a(IwDebug.o)
 .data          0x000051e4        0x0 /Developer/Marmalade/5.2/s3e/edk/lib/android/libedk.a(edk_helpers.o)

.data1
 *(.data1)
                0x000051e4                _edata = .
                0x000051e4                PROVIDE (edata, .)
                0x000051e4                __bss_start = .
                0x000051e4                __bss_start__ = .

.bss            0x000051e4     0x1a64
 *(.dynbss)
 .dynbss        0x00000000        0x0 debug/s3eFlurry_platform.os
 *(.bss .bss.* .gnu.linkonce.b.*)
 .bss           0x000051e4       0x3c debug/s3eFlurry_platform.os
 .bss           0x00005220        0x0 debug/s3eFlurry.os
 .bss           0x00005220        0x0 debug/s3eFlurry_register.os
 .bss           0x00005220     0x1a28 /Developer/Marmalade/5.2/s3e/edk/lib/android/libedk.a(IwDebug.o)
                0x00005220                g_DebugGlobals
 .bss           0x00006c48        0x0 /Developer/Marmalade/5.2/s3e/edk/lib/android/libedk.a(edk_helpers.o)
 *(COMMON)
                0x00006c48                . = ALIGN ((. != 0x0)?0x4:0x1)
                0x00006c48                _bss_end__ = .
                0x00006c48                __bss_end__ = .
                0x00006c48                . = ALIGN (0x4)
                0x00006c48                . = ALIGN (0x4)
                0x00006c48                __end__ = .
                0x00006c48                _end = .
                0x00006c48                PROVIDE (end, .)
                0x00006c48                . = DATA_SEGMENT_END (.)

.stab
 *(.stab)

.stabstr
 *(.stabstr)

.stab.excl
 *(.stab.excl)

.stab.exclstr
 *(.stab.exclstr)

.stab.index
 *(.stab.index)

.stab.indexstr
 *(.stab.indexstr)

.comment        0x00000000       0x8c
 *(.comment)
 .comment       0x00000000       0x12 debug/s3eFlurry_platform.os
 .comment       0x00000012       0x12 debug/s3eFlurry.os
 .comment       0x00000024       0x12 debug/s3eFlurry_register.os
 .comment       0x00000036       0x2b /Developer/Marmalade/5.2/s3e/edk/lib/android/libedk.a(IwDebug.o)
 .comment       0x00000061       0x2b /Developer/Marmalade/5.2/s3e/edk/lib/android/libedk.a(edk_helpers.o)

.debug
 *(.debug)

.line
 *(.line)

.debug_srcinfo
 *(.debug_srcinfo)

.debug_sfnames
 *(.debug_sfnames)

.debug_aranges  0x00000000       0xb8
 *(.debug_aranges)
 .debug_aranges
                0x00000000       0x78 debug/s3eFlurry_platform.os
 .debug_aranges
                0x00000078       0x20 debug/s3eFlurry.os
 .debug_aranges
                0x00000098       0x20 debug/s3eFlurry_register.os

.debug_pubnames
                0x00000000      0x54c
 *(.debug_pubnames)
 .debug_pubnames
                0x00000000      0x361 debug/s3eFlurry_platform.os
 .debug_pubnames
                0x00000361      0x1b0 debug/s3eFlurry.os
 .debug_pubnames
                0x00000511       0x3b debug/s3eFlurry_register.os

.debug_info     0x00000000     0x66f0
 *(.debug_info .gnu.linkonce.wi.*)
 .debug_info    0x00000000     0x5f2a debug/s3eFlurry_platform.os
 .debug_info    0x00005f2a      0x3d3 debug/s3eFlurry.os
 .debug_info    0x000062fd      0x3f3 debug/s3eFlurry_register.os

.debug_abbrev   0x00000000      0x4a7
 *(.debug_abbrev)
 .debug_abbrev  0x00000000      0x282 debug/s3eFlurry_platform.os
 .debug_abbrev  0x00000282       0xfa debug/s3eFlurry.os
 .debug_abbrev  0x0000037c      0x12b debug/s3eFlurry_register.os

.debug_line     0x00000000      0x5d8
 *(.debug_line)
 .debug_line    0x00000000      0x34e debug/s3eFlurry_platform.os
 .debug_line    0x0000034e      0x110 debug/s3eFlurry.os
 .debug_line    0x0000045e      0x17a debug/s3eFlurry_register.os

.debug_frame    0x00000000      0x6fc
 *(.debug_frame)
 .debug_frame   0x00000000      0x35c debug/s3eFlurry_platform.os
 .debug_frame   0x0000035c      0x1d0 debug/s3eFlurry.os
 .debug_frame   0x0000052c      0x1d0 debug/s3eFlurry_register.os

.debug_str      0x00000000     0x50f1
 *(.debug_str)
 .debug_str     0x00000000     0x4e1b debug/s3eFlurry_platform.os
                               0x4fbe (size before relaxing)
 .debug_str     0x00004e1b       0xac debug/s3eFlurry.os
                                0x44b (size before relaxing)
 .debug_str     0x00004ec7      0x22a debug/s3eFlurry_register.os
                                0x473 (size before relaxing)

.debug_loc      0x00000000      0xa41
 *(.debug_loc)
 .debug_loc     0x00000000      0x514 debug/s3eFlurry_platform.os
 .debug_loc     0x00000514      0x290 debug/s3eFlurry.os
 .debug_loc     0x000007a4      0x29d debug/s3eFlurry_register.os

.debug_macinfo
 *(.debug_macinfo)

.debug_weaknames
 *(.debug_weaknames)

.debug_funcnames
 *(.debug_funcnames)

.debug_typenames
 *(.debug_typenames)

.debug_varnames
 *(.debug_varnames)

.debug_pubtypes
 *(.debug_pubtypes)

.debug_ranges   0x00000000      0x100
 *(.debug_ranges)
 .debug_ranges  0x00000000      0x100 debug/s3eFlurry_platform.os

.gnu.attributes
 *(.gnu.attributes)

.note.gnu.arm.ident
 *(.note.gnu.arm.ident)

/DISCARD/
 *(.note.GNU-stack)
 *(.gnu_debuglink)
OUTPUT(/Users/valeriiivanov/Documents/workspace/KeiTaiToys/MKTT/s3eFlurry/lib/android/libs3eFlurry_d.so elf32-littlearm)

.ARM.attributes
                0x00000000       0x2a
 .ARM.attributes
                0x00000000       0x28 debug/s3eFlurry_platform.os
 .ARM.attributes
                0x00000028       0x28 debug/s3eFlurry.os
 .ARM.attributes
                0x00000050       0x28 debug/s3eFlurry_register.os
 .ARM.attributes
                0x00000078       0x2c /Developer/Marmalade/5.2/s3e/edk/lib/android/libedk.a(IwDebug.o)
 .ARM.attributes
                0x000000a4       0x2c /Developer/Marmalade/5.2/s3e/edk/lib/android/libedk.a(edk_helpers.o)
