Archive member included because of file (symbol)

C:\dev\sdk\main\s3e\edk\lib\android\libedk.a(edk_helpers.o)
                              release\s3eFlurry_platform.os (s3eEdkThreadRunOnOS)

Discarded input sections

 .group         0x00000000       0x10 release\s3eFlurry_platform.os
 .group         0x00000000       0x10 release\s3eFlurry_platform.os
 .group         0x00000000       0x10 release\s3eFlurry_platform.os
 .text          0x00000000        0x0 release\s3eFlurry_platform.os
 .data          0x00000000        0x0 release\s3eFlurry_platform.os
 .ARM.extab.text._Z27s3eFlurryTerminate_platformv
                0x00000000        0x0 release\s3eFlurry_platform.os
 .ARM.extab.text._Z26s3eFlurryLogError_platformPKcS0_
                0x00000000        0x0 release\s3eFlurry_platform.os
 .ARM.extab.text._ZL27s3eEdkAndroidFindClass_realPKc
                0x00000000        0x0 release\s3eFlurry_platform.os
 .ARM.extab.text._Z30s3eFlurryShowAdBanner_platformh
                0x00000000        0x0 release\s3eFlurry_platform.os
 .ARM.extab.text._Z32s3eFlurrySetDefaultText_platformPKc
                0x00000000        0x0 release\s3eFlurry_platform.os
 .ARM.extab.text._Z31s3eFlurryEndTimedEvent_platformPKc
                0x00000000        0x0 release\s3eFlurry_platform.os
 .ARM.extab.text._Z26s3eFlurryLogEvent_platformPKch
                0x00000000        0x0 release\s3eFlurry_platform.os
 .ARM.extab.text._Z23s3eFlurryStart_platformPKc
                0x00000000        0x0 release\s3eFlurry_platform.os
 .ARM.extab.text._Z22s3eFlurryInit_platformv
                0x00000000        0x0 release\s3eFlurry_platform.os
 .ARM.extab.text._Z33s3eFlurryAppCircleEnable_platformv
                0x00000000        0x0 release\s3eFlurry_platform.os
 .ARM.extab.text._Z41s3eFlurrySetSessionReportOnPause_platformh
                0x00000000        0x0 release\s3eFlurry_platform.os
 .ARM.extab.text._Z41s3eFlurrySetSessionReportOnClose_platformh
                0x00000000        0x0 release\s3eFlurry_platform.os
 .ARM.extab.text._Z29s3eFlurrySetLocation_platformP11s3eLocation
                0x00000000        0x0 release\s3eFlurry_platform.os
 .ARM.extab.text._Z31s3eFlurrySetUserGender_platform19s3eFlurryUserGender
                0x00000000        0x0 release\s3eFlurry_platform.os
 .ARM.extab.text._Z28s3eFlurrySetUserAge_platformh
                0x00000000        0x0 release\s3eFlurry_platform.os
 .ARM.extab.text._Z27s3eFlurrySetUserID_platformPKc
                0x00000000        0x0 release\s3eFlurry_platform.os
 .note.GNU-stack
                0x00000000        0x0 release\s3eFlurry_platform.os
 .text          0x00000000        0x0 release\s3eFlurry.os
 .data          0x00000000        0x0 release\s3eFlurry.os
 .bss           0x00000000        0x0 release\s3eFlurry.os
 .note.GNU-stack
                0x00000000        0x0 release\s3eFlurry.os
 .text          0x00000000        0x0 release\s3eFlurry_register.os
 .data          0x00000000        0x0 release\s3eFlurry_register.os
 .bss           0x00000000        0x0 release\s3eFlurry_register.os
 .text._Z20s3eFlurryRegisterExtv
                0x00000000      0x120 release\s3eFlurry_register.os
 .ARM.extab.text._Z20s3eFlurryRegisterExtv
                0x00000000        0x0 release\s3eFlurry_register.os
 .ARM.exidx.text._Z20s3eFlurryRegisterExtv
                0x00000000        0x8 release\s3eFlurry_register.os
 .ARM.extab.text.RegisterExt
                0x00000000        0x0 release\s3eFlurry_register.os
 .note.GNU-stack
                0x00000000        0x0 release\s3eFlurry_register.os
 .text          0x00000000        0x0 C:\dev\sdk\main\s3e\edk\lib\android\libedk.a(edk_helpers.o)
 .data          0x00000000        0x0 C:\dev\sdk\main\s3e\edk\lib\android\libedk.a(edk_helpers.o)
 .bss           0x00000000        0x0 C:\dev\sdk\main\s3e\edk\lib\android\libedk.a(edk_helpers.o)
 .text.s3eEdkThreadRunOnOSAsync
                0x00000000       0x30 C:\dev\sdk\main\s3e\edk\lib\android\libedk.a(edk_helpers.o)
 .ARM.extab.text.s3eEdkThreadRunOnOSAsync
                0x00000000        0xc C:\dev\sdk\main\s3e\edk\lib\android\libedk.a(edk_helpers.o)
 .ARM.exidx.text.s3eEdkThreadRunOnOSAsync
                0x00000000        0x8 C:\dev\sdk\main\s3e\edk\lib\android\libedk.a(edk_helpers.o)
 .text.s3eEdkErrorSetString
                0x00000000       0x30 C:\dev\sdk\main\s3e\edk\lib\android\libedk.a(edk_helpers.o)
 .ARM.extab.text.s3eEdkErrorSetString
                0x00000000        0xc C:\dev\sdk\main\s3e\edk\lib\android\libedk.a(edk_helpers.o)
 .ARM.exidx.text.s3eEdkErrorSetString
                0x00000000        0x8 C:\dev\sdk\main\s3e\edk\lib\android\libedk.a(edk_helpers.o)
 .note.GNU-stack
                0x00000000        0x0 C:\dev\sdk\main\s3e\edk\lib\android\libedk.a(edk_helpers.o)

Memory Configuration

Name             Origin             Length             Attributes
*default*        0x00000000         0xffffffff

Linker script and memory map

LOAD release\s3eFlurry_platform.os
LOAD release\s3eFlurry.os
LOAD release\s3eFlurry_register.os
LOAD C:\dev\sdk\main\s3e\edk\lib\android\libedk.a
LOAD C:\dev\sdk\main\s3e\edk\lib\android/libplaceholderplaceholderplaceholderplaceholderplaceholder.so
LOAD C:\dev\sdk\main\platform_libs\android\arch-arm\usr\lib/libc.so
LOAD C:\dev\sdk\main\platform_libs\android\arch-arm\usr\lib/libm.so
LOAD C:\dev\sdk\main\platform_libs\android\arch-arm\usr\lib/liblog.so
LOAD C:\dev\sdk\main\platform_libs\android\gnu-libstdc++\libs\armeabi\libstdc++.a
LOAD c:/dev/sdk/main/platform_libs/linux/gcc/bin/../lib/gcc/arm-none-linux-gnueabi/4.4.1\libgcc.a
                0x000000d4                . = (0x0 + SIZEOF_HEADERS)

.note.gnu.build-id
 *(.note.gnu.build-id)

.hash           0x000000d4       0xa0
 *(.hash)
 .hash          0x000000d4       0xa0 release\s3eFlurry_platform.os

.gnu.hash
 *(.gnu.hash)

.dynsym         0x00000174      0x150
 *(.dynsym)
 .dynsym        0x00000174      0x150 release\s3eFlurry_platform.os

.dynstr         0x000002c4      0x140
 *(.dynstr)
 .dynstr        0x000002c4      0x140 release\s3eFlurry_platform.os

.gnu.version    0x00000404        0x0
 *(.gnu.version)
 .gnu.version   0x00000000        0x0 release\s3eFlurry_platform.os

.gnu.version_d  0x00000404        0x0
 *(.gnu.version_d)
 .gnu.version_d
                0x00000000        0x0 release\s3eFlurry_platform.os

.gnu.version_r  0x00000404        0x0
 *(.gnu.version_r)
 .gnu.version_r
                0x00000000        0x0 release\s3eFlurry_platform.os

.rel.dyn        0x00000404      0x208
 *(.rel.init)
 *(.rel.text .rel.text.* .rel.gnu.linkonce.t.*)
 .rel.text._Z26s3eFlurryLogError_platformPKcS0_
                0x00000404        0x8 release\s3eFlurry_platform.os
 .rel.text._Z30s3eFlurryShowAdBanner_platformh
                0x0000040c        0x8 release\s3eFlurry_platform.os
 .rel.text._Z32s3eFlurrySetDefaultText_platformPKc
                0x00000414        0x8 release\s3eFlurry_platform.os
 .rel.text._Z31s3eFlurryEndTimedEvent_platformPKc
                0x0000041c        0x8 release\s3eFlurry_platform.os
 .rel.text._Z26s3eFlurryLogEvent_platformPKch
                0x00000424        0x8 release\s3eFlurry_platform.os
 .rel.text._Z23s3eFlurryStart_platformPKc
                0x0000042c        0x8 release\s3eFlurry_platform.os
 .rel.text._Z22s3eFlurryInit_platformv
                0x00000434       0xb8 release\s3eFlurry_platform.os
 .rel.text._Z33s3eFlurryAppCircleEnable_platformv
                0x000004ec        0x8 release\s3eFlurry_platform.os
 .rel.text._Z41s3eFlurrySetSessionReportOnPause_platformh
                0x000004f4        0x8 release\s3eFlurry_platform.os
 .rel.text._Z41s3eFlurrySetSessionReportOnClose_platformh
                0x000004fc        0x8 release\s3eFlurry_platform.os
 .rel.text._Z29s3eFlurrySetLocation_platformP11s3eLocation
                0x00000504        0x8 release\s3eFlurry_platform.os
 .rel.text._Z31s3eFlurrySetUserGender_platform19s3eFlurryUserGender
                0x0000050c        0x8 release\s3eFlurry_platform.os
 .rel.text._Z28s3eFlurrySetUserAge_platformh
                0x00000514        0x8 release\s3eFlurry_platform.os
 .rel.text._Z27s3eFlurrySetUserID_platformPKc
                0x0000051c        0x8 release\s3eFlurry_platform.os
 .rel.text._Z20s3eFlurryRegisterExtv
                0x00000000        0x0 release\s3eFlurry_platform.os
 .rel.text._ZL26s3eFlurryShowAdBanner_wraph
                0x00000524        0x8 release\s3eFlurry_platform.os
 .rel.text._ZL28s3eFlurrySetDefaultText_wrapPKc
                0x0000052c        0x8 release\s3eFlurry_platform.os
 .rel.text._ZL29s3eFlurryAppCircleEnable_wrapv
                0x00000534        0x8 release\s3eFlurry_platform.os
 .rel.text._ZL37s3eFlurrySetSessionReportOnPause_wraph
                0x0000053c        0x8 release\s3eFlurry_platform.os
 .rel.text._ZL37s3eFlurrySetSessionReportOnClose_wraph
                0x00000544        0x8 release\s3eFlurry_platform.os
 .rel.text._ZL25s3eFlurrySetLocation_wrapP11s3eLocation
                0x0000054c        0x8 release\s3eFlurry_platform.os
 .rel.text._ZL27s3eFlurrySetUserGender_wrap19s3eFlurryUserGender
                0x00000554        0x8 release\s3eFlurry_platform.os
 .rel.text._ZL24s3eFlurrySetUserAge_wraph
                0x0000055c        0x8 release\s3eFlurry_platform.os
 .rel.text._ZL23s3eFlurrySetUserID_wrapPKc
                0x00000564        0x8 release\s3eFlurry_platform.os
 .rel.text._ZL22s3eFlurryLogError_wrapPKcS0_
                0x0000056c        0x8 release\s3eFlurry_platform.os
 .rel.text._ZL27s3eFlurryEndTimedEvent_wrapPKc
                0x00000574        0x8 release\s3eFlurry_platform.os
 .rel.text._ZL22s3eFlurryLogEvent_wrapPKch
                0x0000057c        0x8 release\s3eFlurry_platform.os
 .rel.text._ZL19s3eFlurryStart_wrapPKc
                0x00000584        0x8 release\s3eFlurry_platform.os
 .rel.text.RegisterExt
                0x0000058c       0x80 release\s3eFlurry_platform.os
 *(.rel.fini)
 *(.rel.rodata .rel.rodata.* .rel.gnu.linkonce.r.*)
 *(.rel.data.rel.ro* .rel.gnu.linkonce.d.rel.ro.*)
 *(.rel.data .rel.data.* .rel.gnu.linkonce.d.*)
 *(.rel.tdata .rel.tdata.* .rel.gnu.linkonce.td.*)
 *(.rel.tbss .rel.tbss.* .rel.gnu.linkonce.tb.*)
 *(.rel.ctors)
 *(.rel.dtors)
 *(.rel.got)
 .rel.got       0x00000000        0x0 release\s3eFlurry_platform.os
 *(.rel.bss .rel.bss.* .rel.gnu.linkonce.b.*)
 *(.rel.ifunc)

.rela.dyn
 *(.rela.init)
 *(.rela.text .rela.text.* .rela.gnu.linkonce.t.*)
 *(.rela.fini)
 *(.rela.rodata .rela.rodata.* .rela.gnu.linkonce.r.*)
 *(.rela.data .rela.data.* .rela.gnu.linkonce.d.*)
 *(.rela.tdata .rela.tdata.* .rela.gnu.linkonce.td.*)
 *(.rela.tbss .rela.tbss.* .rela.gnu.linkonce.tb.*)
 *(.rela.ctors)
 *(.rela.dtors)
 *(.rela.got)
 *(.rela.bss .rela.bss.* .rela.gnu.linkonce.b.*)
 *(.rela.ifunc)

.rel.plt        0x0000060c       0x18
 *(.rel.plt)
 .rel.plt       0x0000060c       0x18 release\s3eFlurry_platform.os
 *(.rel.iplt)

.rela.plt
 *(.rela.plt)
 *(.rela.iplt)

.init
 *(.init)

.plt            0x00000624       0x38
 *(.plt)
 .plt           0x00000624       0x38 release\s3eFlurry_platform.os
 *(.iplt)

.text           0x0000065c      0xdbc
 *(.text .stub .text.* .gnu.linkonce.t.*)
 .text._ZN7_JNIEnv11GetMethodIDEP7_jclassPKcS3_
                0x0000065c       0x1c release\s3eFlurry_platform.os
                0x0000065c                _JNIEnv::GetMethodID(_jclass*, char const*, char const*)
 .text._Z27s3eFlurryTerminate_platformv
                0x00000678        0x4 release\s3eFlurry_platform.os
                0x00000678                s3eFlurryTerminate_platform()
 .text._ZN7_JNIEnv14CallVoidMethodEP8_jobjectP10_jmethodIDz
                0x0000067c       0x38 release\s3eFlurry_platform.os
                0x0000067c                _JNIEnv::CallVoidMethod(_jobject*, _jmethodID*, ...)
 .text._ZN7_JNIEnv9NewObjectEP7_jclassP10_jmethodIDz
                0x000006b4       0x38 release\s3eFlurry_platform.os
                0x000006b4                _JNIEnv::NewObject(_jclass*, _jmethodID*, ...)
 .text._Z26s3eFlurryLogError_platformPKcS0_
                0x000006ec       0x98 release\s3eFlurry_platform.os
                0x000006ec                s3eFlurryLogError_platform(char const*, char const*)
 .text._ZL27s3eEdkAndroidFindClass_realPKc
                0x00000784       0x5c release\s3eFlurry_platform.os
 .text._Z30s3eFlurryShowAdBanner_platformh
                0x000007e0       0x70 release\s3eFlurry_platform.os
                0x000007e0                s3eFlurryShowAdBanner_platform(unsigned char)
 .text._Z32s3eFlurrySetDefaultText_platformPKc
                0x00000850       0x78 release\s3eFlurry_platform.os
                0x00000850                s3eFlurrySetDefaultText_platform(char const*)
 .text._Z31s3eFlurryEndTimedEvent_platformPKc
                0x000008c8       0x78 release\s3eFlurry_platform.os
                0x000008c8                s3eFlurryEndTimedEvent_platform(char const*)
 .text._Z26s3eFlurryLogEvent_platformPKch
                0x00000940       0x78 release\s3eFlurry_platform.os
                0x00000940                s3eFlurryLogEvent_platform(char const*, unsigned char)
 .text._Z23s3eFlurryStart_platformPKc
                0x000009b8       0x78 release\s3eFlurry_platform.os
                0x000009b8                s3eFlurryStart_platform(char const*)
 .text._Z22s3eFlurryInit_platformv
                0x00000a30      0x360 release\s3eFlurry_platform.os
                0x00000a30                s3eFlurryInit_platform()
 .text._Z33s3eFlurryAppCircleEnable_platformv
                0x00000d90       0x54 release\s3eFlurry_platform.os
                0x00000d90                s3eFlurryAppCircleEnable_platform()
 .text._Z41s3eFlurrySetSessionReportOnPause_platformh
                0x00000de4       0x54 release\s3eFlurry_platform.os
                0x00000de4                s3eFlurrySetSessionReportOnPause_platform(unsigned char)
 .text._Z41s3eFlurrySetSessionReportOnClose_platformh
                0x00000e38       0x54 release\s3eFlurry_platform.os
                0x00000e38                s3eFlurrySetSessionReportOnClose_platform(unsigned char)
 .text._Z29s3eFlurrySetLocation_platformP11s3eLocation
                0x00000e8c       0x54 release\s3eFlurry_platform.os
                0x00000e8c                s3eFlurrySetLocation_platform(s3eLocation*)
 .text._Z31s3eFlurrySetUserGender_platform19s3eFlurryUserGender
                0x00000ee0       0x88 release\s3eFlurry_platform.os
                0x00000ee0                s3eFlurrySetUserGender_platform(s3eFlurryUserGender)
 .text._Z28s3eFlurrySetUserAge_platformh
                0x00000f68       0x54 release\s3eFlurry_platform.os
                0x00000f68                s3eFlurrySetUserAge_platform(unsigned char)
 .text._Z27s3eFlurrySetUserID_platformPKc
                0x00000fbc       0x78 release\s3eFlurry_platform.os
                0x00000fbc                s3eFlurrySetUserID_platform(char const*)
 .text.s3eFlurryShowAdBanner
                0x00001034       0x10 release\s3eFlurry.os
                0x00001034                s3eFlurryShowAdBanner
 .text.s3eFlurrySetDefaultText
                0x00001044       0x10 release\s3eFlurry.os
                0x00001044                s3eFlurrySetDefaultText
 .text.s3eFlurryAppCircleEnable
                0x00001054       0x10 release\s3eFlurry.os
                0x00001054                s3eFlurryAppCircleEnable
 .text.s3eFlurrySetSessionReportOnPause
                0x00001064       0x10 release\s3eFlurry.os
                0x00001064                s3eFlurrySetSessionReportOnPause
 .text.s3eFlurrySetSessionReportOnClose
                0x00001074       0x10 release\s3eFlurry.os
                0x00001074                s3eFlurrySetSessionReportOnClose
 .text.s3eFlurrySetLocation
                0x00001084       0x10 release\s3eFlurry.os
                0x00001084                s3eFlurrySetLocation
 .text.s3eFlurrySetUserGender
                0x00001094       0x10 release\s3eFlurry.os
                0x00001094                s3eFlurrySetUserGender
 .text.s3eFlurrySetUserAge
                0x000010a4       0x10 release\s3eFlurry.os
                0x000010a4                s3eFlurrySetUserAge
 .text.s3eFlurrySetUserID
                0x000010b4       0x10 release\s3eFlurry.os
                0x000010b4                s3eFlurrySetUserID
 .text.s3eFlurryLogError
                0x000010c4       0x10 release\s3eFlurry.os
                0x000010c4                s3eFlurryLogError
 .text.s3eFlurryEndTimedEvent
                0x000010d4       0x10 release\s3eFlurry.os
                0x000010d4                s3eFlurryEndTimedEvent
 .text.s3eFlurryLogEvent
                0x000010e4       0x10 release\s3eFlurry.os
                0x000010e4                s3eFlurryLogEvent
 .text.s3eFlurryStart
                0x000010f4       0x10 release\s3eFlurry.os
                0x000010f4                s3eFlurryStart
 .text._Z18s3eFlurryTerminatev
                0x00001104       0x10 release\s3eFlurry.os
                0x00001104                s3eFlurryTerminate()
 .text._Z13s3eFlurryInitv
                0x00001114       0x10 release\s3eFlurry.os
                0x00001114                s3eFlurryInit()
 .text._ZL26s3eFlurryShowAdBanner_wraph
                0x00001124       0x20 release\s3eFlurry_register.os
 .text._ZL28s3eFlurrySetDefaultText_wrapPKc
                0x00001144       0x20 release\s3eFlurry_register.os
 .text._ZL29s3eFlurryAppCircleEnable_wrapv
                0x00001164       0x1c release\s3eFlurry_register.os
 .text._ZL37s3eFlurrySetSessionReportOnPause_wraph
                0x00001180       0x20 release\s3eFlurry_register.os
 .text._ZL37s3eFlurrySetSessionReportOnClose_wraph
                0x000011a0       0x20 release\s3eFlurry_register.os
 .text._ZL25s3eFlurrySetLocation_wrapP11s3eLocation
                0x000011c0       0x20 release\s3eFlurry_register.os
 .text._ZL27s3eFlurrySetUserGender_wrap19s3eFlurryUserGender
                0x000011e0       0x20 release\s3eFlurry_register.os
 .text._ZL24s3eFlurrySetUserAge_wraph
                0x00001200       0x20 release\s3eFlurry_register.os
 .text._ZL23s3eFlurrySetUserID_wrapPKc
                0x00001220       0x20 release\s3eFlurry_register.os
 .text._ZL22s3eFlurryLogError_wrapPKcS0_
                0x00001240       0x24 release\s3eFlurry_register.os
 .text._ZL27s3eFlurryEndTimedEvent_wrapPKc
                0x00001264       0x20 release\s3eFlurry_register.os
 .text._ZL22s3eFlurryLogEvent_wrapPKch
                0x00001284       0x24 release\s3eFlurry_register.os
 .text._ZL19s3eFlurryStart_wrapPKc
                0x000012a8       0x20 release\s3eFlurry_register.os
 .text.RegisterExt
                0x000012c8      0x120 release\s3eFlurry_register.os
                0x000012c8                RegisterExt
 .text.s3eEdkThreadRunOnOS
                0x000013e8       0x30 C:\dev\sdk\main\s3e\edk\lib\android\libedk.a(edk_helpers.o)
                0x000013e8                s3eEdkThreadRunOnOS
 *(.gnu.warning)
 *(.glue_7t)
 .glue_7t       0x00000000        0x0 linker stubs
 *(.glue_7)
 .glue_7        0x00000000        0x0 linker stubs
 *(.vfp11_veneer)
 .vfp11_veneer  0x00000000        0x0 linker stubs
 *(.v4_bx)
 .v4_bx         0x00000000        0x0 linker stubs

.fini
 *(.fini)
                0x00001418                PROVIDE (__etext, .)
                0x00001418                PROVIDE (_etext, .)
                0x00001418                PROVIDE (etext, .)

.rodata         0x00001418      0x1bc
 *(.rodata .rodata.* .gnu.linkonce.r.*)
 .rodata.str1.4
                0x00001418      0x1bc release\s3eFlurry_platform.os
 .rodata.str1.4
                0x00000000        0xc release\s3eFlurry_register.os

.rodata1
 *(.rodata1)

.ARM.extab      0x000015d4      0x180
 *(.ARM.extab* .gnu.linkonce.armextab.*)
 .ARM.extab.text._ZN7_JNIEnv11GetMethodIDEP7_jclassPKcS3_
                0x000015d4        0xc release\s3eFlurry_platform.os
 .ARM.extab.text._ZN7_JNIEnv14CallVoidMethodEP8_jobjectP10_jmethodIDz
                0x000015e0        0xc release\s3eFlurry_platform.os
 .ARM.extab.text._ZN7_JNIEnv9NewObjectEP7_jclassP10_jmethodIDz
                0x000015ec        0xc release\s3eFlurry_platform.os
 .ARM.extab.text.s3eFlurryShowAdBanner
                0x000015f8        0xc release\s3eFlurry.os
 .ARM.extab.text.s3eFlurrySetDefaultText
                0x00001604        0xc release\s3eFlurry.os
 .ARM.extab.text.s3eFlurryAppCircleEnable
                0x00001610        0xc release\s3eFlurry.os
 .ARM.extab.text.s3eFlurrySetSessionReportOnPause
                0x0000161c        0xc release\s3eFlurry.os
 .ARM.extab.text.s3eFlurrySetSessionReportOnClose
                0x00001628        0xc release\s3eFlurry.os
 .ARM.extab.text.s3eFlurrySetLocation
                0x00001634        0xc release\s3eFlurry.os
 .ARM.extab.text.s3eFlurrySetUserGender
                0x00001640        0xc release\s3eFlurry.os
 .ARM.extab.text.s3eFlurrySetUserAge
                0x0000164c        0xc release\s3eFlurry.os
 .ARM.extab.text.s3eFlurrySetUserID
                0x00001658        0xc release\s3eFlurry.os
 .ARM.extab.text.s3eFlurryLogError
                0x00001664        0xc release\s3eFlurry.os
 .ARM.extab.text.s3eFlurryEndTimedEvent
                0x00001670        0xc release\s3eFlurry.os
 .ARM.extab.text.s3eFlurryLogEvent
                0x0000167c        0xc release\s3eFlurry.os
 .ARM.extab.text.s3eFlurryStart
                0x00001688        0xc release\s3eFlurry.os
 .ARM.extab.text._Z18s3eFlurryTerminatev
                0x00001694        0xc release\s3eFlurry.os
 .ARM.extab.text._Z13s3eFlurryInitv
                0x000016a0        0xc release\s3eFlurry.os
 .ARM.extab.text._ZL26s3eFlurryShowAdBanner_wraph
                0x000016ac        0xc release\s3eFlurry_register.os
 .ARM.extab.text._ZL28s3eFlurrySetDefaultText_wrapPKc
                0x000016b8        0xc release\s3eFlurry_register.os
 .ARM.extab.text._ZL29s3eFlurryAppCircleEnable_wrapv
                0x000016c4        0xc release\s3eFlurry_register.os
 .ARM.extab.text._ZL37s3eFlurrySetSessionReportOnPause_wraph
                0x000016d0        0xc release\s3eFlurry_register.os
 .ARM.extab.text._ZL37s3eFlurrySetSessionReportOnClose_wraph
                0x000016dc        0xc release\s3eFlurry_register.os
 .ARM.extab.text._ZL25s3eFlurrySetLocation_wrapP11s3eLocation
                0x000016e8        0xc release\s3eFlurry_register.os
 .ARM.extab.text._ZL27s3eFlurrySetUserGender_wrap19s3eFlurryUserGender
                0x000016f4        0xc release\s3eFlurry_register.os
 .ARM.extab.text._ZL24s3eFlurrySetUserAge_wraph
                0x00001700        0xc release\s3eFlurry_register.os
 .ARM.extab.text._ZL23s3eFlurrySetUserID_wrapPKc
                0x0000170c        0xc release\s3eFlurry_register.os
 .ARM.extab.text._ZL22s3eFlurryLogError_wrapPKcS0_
                0x00001718        0xc release\s3eFlurry_register.os
 .ARM.extab.text._ZL27s3eFlurryEndTimedEvent_wrapPKc
                0x00001724        0xc release\s3eFlurry_register.os
 .ARM.extab.text._ZL22s3eFlurryLogEvent_wrapPKch
                0x00001730        0xc release\s3eFlurry_register.os
 .ARM.extab.text._ZL19s3eFlurryStart_wrapPKc
                0x0000173c        0xc release\s3eFlurry_register.os
 .ARM.extab.text.s3eEdkThreadRunOnOS
                0x00001748        0xc C:\dev\sdk\main\s3e\edk\lib\android\libedk.a(edk_helpers.o)
                0x00001754                PROVIDE (__exidx_start, .)

.ARM.exidx      0x00001754      0x158
 *(.ARM.exidx* .gnu.linkonce.armexidx.*)
 .ARM.exidx.text._ZN7_JNIEnv11GetMethodIDEP7_jclassPKcS3_
                0x00001754        0x8 release\s3eFlurry_platform.os
 .ARM.exidx.text._Z27s3eFlurryTerminate_platformv
                0x0000175c        0x8 release\s3eFlurry_platform.os
 .ARM.exidx.text._ZN7_JNIEnv14CallVoidMethodEP8_jobjectP10_jmethodIDz
                0x00001764        0x8 release\s3eFlurry_platform.os
 .ARM.exidx.text._ZN7_JNIEnv9NewObjectEP7_jclassP10_jmethodIDz
                0x0000176c        0x8 release\s3eFlurry_platform.os
 .ARM.exidx.text._Z26s3eFlurryLogError_platformPKcS0_
                0x00001774        0x8 release\s3eFlurry_platform.os
 .ARM.exidx.text._ZL27s3eEdkAndroidFindClass_realPKc
                0x0000177c        0x8 release\s3eFlurry_platform.os
 .ARM.exidx.text._Z30s3eFlurryShowAdBanner_platformh
                0x00001784        0x0 release\s3eFlurry_platform.os
                                  0x8 (size before relaxing)
 .ARM.exidx.text._Z32s3eFlurrySetDefaultText_platformPKc
                0x00001784        0x8 release\s3eFlurry_platform.os
 .ARM.exidx.text._Z31s3eFlurryEndTimedEvent_platformPKc
                0x0000178c        0x0 release\s3eFlurry_platform.os
                                  0x8 (size before relaxing)
 .ARM.exidx.text._Z26s3eFlurryLogEvent_platformPKch
                0x0000178c        0x0 release\s3eFlurry_platform.os
                                  0x8 (size before relaxing)
 .ARM.exidx.text._Z23s3eFlurryStart_platformPKc
                0x0000178c        0x0 release\s3eFlurry_platform.os
                                  0x8 (size before relaxing)
 .ARM.exidx.text._Z22s3eFlurryInit_platformv
                0x0000178c        0x8 release\s3eFlurry_platform.os
 .ARM.exidx.text._Z33s3eFlurryAppCircleEnable_platformv
                0x00001794        0x8 release\s3eFlurry_platform.os
 .ARM.exidx.text._Z41s3eFlurrySetSessionReportOnPause_platformh
                0x0000179c        0x0 release\s3eFlurry_platform.os
                                  0x8 (size before relaxing)
 .ARM.exidx.text._Z41s3eFlurrySetSessionReportOnClose_platformh
                0x0000179c        0x0 release\s3eFlurry_platform.os
                                  0x8 (size before relaxing)
 .ARM.exidx.text._Z29s3eFlurrySetLocation_platformP11s3eLocation
                0x0000179c        0x0 release\s3eFlurry_platform.os
                                  0x8 (size before relaxing)
 .ARM.exidx.text._Z31s3eFlurrySetUserGender_platform19s3eFlurryUserGender
                0x0000179c        0x8 release\s3eFlurry_platform.os
 .ARM.exidx.text._Z28s3eFlurrySetUserAge_platformh
                0x000017a4        0x8 release\s3eFlurry_platform.os
 .ARM.exidx.text._Z27s3eFlurrySetUserID_platformPKc
                0x000017ac        0x8 release\s3eFlurry_platform.os
 .ARM.exidx.text.s3eFlurryShowAdBanner
                0x000017b4        0x8 release\s3eFlurry.os
 .ARM.exidx.text.s3eFlurrySetDefaultText
                0x000017bc        0x8 release\s3eFlurry.os
 .ARM.exidx.text.s3eFlurryAppCircleEnable
                0x000017c4        0x8 release\s3eFlurry.os
 .ARM.exidx.text.s3eFlurrySetSessionReportOnPause
                0x000017cc        0x8 release\s3eFlurry.os
 .ARM.exidx.text.s3eFlurrySetSessionReportOnClose
                0x000017d4        0x8 release\s3eFlurry.os
 .ARM.exidx.text.s3eFlurrySetLocation
                0x000017dc        0x8 release\s3eFlurry.os
 .ARM.exidx.text.s3eFlurrySetUserGender
                0x000017e4        0x8 release\s3eFlurry.os
 .ARM.exidx.text.s3eFlurrySetUserAge
                0x000017ec        0x8 release\s3eFlurry.os
 .ARM.exidx.text.s3eFlurrySetUserID
                0x000017f4        0x8 release\s3eFlurry.os
 .ARM.exidx.text.s3eFlurryLogError
                0x000017fc        0x8 release\s3eFlurry.os
 .ARM.exidx.text.s3eFlurryEndTimedEvent
                0x00001804        0x8 release\s3eFlurry.os
 .ARM.exidx.text.s3eFlurryLogEvent
                0x0000180c        0x8 release\s3eFlurry.os
 .ARM.exidx.text.s3eFlurryStart
                0x00001814        0x8 release\s3eFlurry.os
 .ARM.exidx.text._Z18s3eFlurryTerminatev
                0x0000181c        0x8 release\s3eFlurry.os
 .ARM.exidx.text._Z13s3eFlurryInitv
                0x00001824        0x8 release\s3eFlurry.os
 .ARM.exidx.text._ZL26s3eFlurryShowAdBanner_wraph
                0x0000182c        0x8 release\s3eFlurry_register.os
 .ARM.exidx.text._ZL28s3eFlurrySetDefaultText_wrapPKc
                0x00001834        0x8 release\s3eFlurry_register.os
 .ARM.exidx.text._ZL29s3eFlurryAppCircleEnable_wrapv
                0x0000183c        0x8 release\s3eFlurry_register.os
 .ARM.exidx.text._ZL37s3eFlurrySetSessionReportOnPause_wraph
                0x00001844        0x8 release\s3eFlurry_register.os
 .ARM.exidx.text._ZL37s3eFlurrySetSessionReportOnClose_wraph
                0x0000184c        0x8 release\s3eFlurry_register.os
 .ARM.exidx.text._ZL25s3eFlurrySetLocation_wrapP11s3eLocation
                0x00001854        0x8 release\s3eFlurry_register.os
 .ARM.exidx.text._ZL27s3eFlurrySetUserGender_wrap19s3eFlurryUserGender
                0x0000185c        0x8 release\s3eFlurry_register.os
 .ARM.exidx.text._ZL24s3eFlurrySetUserAge_wraph
                0x00001864        0x8 release\s3eFlurry_register.os
 .ARM.exidx.text._ZL23s3eFlurrySetUserID_wrapPKc
                0x0000186c        0x8 release\s3eFlurry_register.os
 .ARM.exidx.text._ZL22s3eFlurryLogError_wrapPKcS0_
                0x00001874        0x8 release\s3eFlurry_register.os
 .ARM.exidx.text._ZL27s3eFlurryEndTimedEvent_wrapPKc
                0x0000187c        0x8 release\s3eFlurry_register.os
 .ARM.exidx.text._ZL22s3eFlurryLogEvent_wrapPKch
                0x00001884        0x8 release\s3eFlurry_register.os
 .ARM.exidx.text._ZL19s3eFlurryStart_wrapPKc
                0x0000188c        0x8 release\s3eFlurry_register.os
 .ARM.exidx.text.RegisterExt
                0x00001894        0x8 release\s3eFlurry_register.os
 .ARM.exidx.text.s3eEdkThreadRunOnOS
                0x0000189c       0x10 C:\dev\sdk\main\s3e\edk\lib\android\libedk.a(edk_helpers.o)
                                  0x8 (size before relaxing)
                0x000018ac                PROVIDE (__exidx_end, .)

.eh_frame_hdr
 *(.eh_frame_hdr)

.eh_frame
 *(.eh_frame)

.gcc_except_table
 *(.gcc_except_table .gcc_except_table.*)
                0x000018ac                . = (ALIGN (0x8000) - ((0x8000 - .) & 0x7fff))
                0x000098ac                . = (0x8000 DATA_SEGMENT_ALIGN 0x1000)

.eh_frame
 *(.eh_frame)

.gcc_except_table
 *(.gcc_except_table .gcc_except_table.*)

.tdata
 *(.tdata .tdata.* .gnu.linkonce.td.*)

.tbss
 *(.tbss .tbss.* .gnu.linkonce.tb.*)
 *(.tcommon)

.preinit_array
 *(.preinit_array)

.init_array
 *(SORT(.init_array.*))
 *(.init_array)

.fini_array
 *(SORT(.fini_array.*))
 *(.fini_array)

.ctors
 *crtbegin.o(.ctors)
 *crtbegin?.o(.ctors)
 *(EXCLUDE_FILE(*crtend?.o *crtend.o) .ctors)
 *(SORT(.ctors.*))
 *(.ctors)

.dtors
 *crtbegin.o(.dtors)
 *crtbegin?.o(.dtors)
 *(EXCLUDE_FILE(*crtend?.o *crtend.o) .dtors)
 *(SORT(.dtors.*))
 *(.dtors)

.jcr
 *(.jcr)

.data.rel.ro
 *(.data.rel.ro.local* .gnu.linkonce.d.rel.ro.local.*)
 *(.data.rel.ro* .gnu.linkonce.d.rel.ro.*)

.dynamic        0x000098ac       0xb0
 *(.dynamic)
 .dynamic       0x000098ac       0xb0 release\s3eFlurry_platform.os
                0x000098ac                _DYNAMIC
                0x0000995c                . = (. DATA_SEGMENT_RELRO_END 0x0)

.got            0x0000995c       0x18
 *(.got.plt)
 .got.plt       0x0000995c       0x18 release\s3eFlurry_platform.os
                0x0000995c                _GLOBAL_OFFSET_TABLE_
 *(.igot.plt)
 *(.got)
 .got           0x00000000        0x0 release\s3eFlurry_platform.os
 *(.igot)

.data           0x00009974        0x0
                0x00009974                __data_start = .
 *(.data .data.* .gnu.linkonce.d.*)

.data1
 *(.data1)
                0x00009974                _edata = .
                0x00009974                PROVIDE (edata, .)
                0x00009974                __bss_start = .
                0x00009974                __bss_start__ = .

.bss            0x00009974       0x38
 *(.dynbss)
 .dynbss        0x00000000        0x0 release\s3eFlurry_platform.os
 *(.bss .bss.* .gnu.linkonce.b.*)
 .bss           0x00009974       0x38 release\s3eFlurry_platform.os
 *(COMMON)
                0x000099ac                . = ALIGN ((. != 0x0)?0x4:0x1)
                0x000099ac                _bss_end__ = .
                0x000099ac                __bss_end__ = .
                0x000099ac                . = ALIGN (0x4)
                0x000099ac                . = ALIGN (0x4)
                0x000099ac                __end__ = .
                0x000099ac                _end = .
                0x000099ac                PROVIDE (end, .)
                0x000099ac                . = DATA_SEGMENT_END (.)

.stab
 *(.stab)

.stabstr
 *(.stabstr)

.stab.excl
 *(.stab.excl)

.stab.exclstr
 *(.stab.exclstr)

.stab.index
 *(.stab.index)

.stab.indexstr
 *(.stab.indexstr)

.ARM.attributes
                0x00000000       0x2c
 .ARM.attributes
                0x00000000       0x2c release\s3eFlurry_platform.os
 .ARM.attributes
                0x0000002c       0x2c release\s3eFlurry.os
 .ARM.attributes
                0x00000058       0x2c release\s3eFlurry_register.os
 .ARM.attributes
                0x00000084       0x2c C:\dev\sdk\main\s3e\edk\lib\android\libedk.a(edk_helpers.o)

.comment        0x00000000       0xac
 *(.comment)
 .comment       0x00000000       0x2b release\s3eFlurry_platform.os
 .comment       0x0000002b       0x2b release\s3eFlurry.os
 .comment       0x00000056       0x2b release\s3eFlurry_register.os
 .comment       0x00000081       0x2b C:\dev\sdk\main\s3e\edk\lib\android\libedk.a(edk_helpers.o)

.debug
 *(.debug)

.line
 *(.line)

.debug_srcinfo
 *(.debug_srcinfo)

.debug_sfnames
 *(.debug_sfnames)

.debug_aranges
 *(.debug_aranges)

.debug_pubnames
 *(.debug_pubnames)

.debug_info
 *(.debug_info .gnu.linkonce.wi.*)

.debug_abbrev
 *(.debug_abbrev)

.debug_line
 *(.debug_line)

.debug_frame
 *(.debug_frame)

.debug_str
 *(.debug_str)

.debug_loc
 *(.debug_loc)

.debug_macinfo
 *(.debug_macinfo)

.debug_weaknames
 *(.debug_weaknames)

.debug_funcnames
 *(.debug_funcnames)

.debug_typenames
 *(.debug_typenames)

.debug_varnames
 *(.debug_varnames)

.debug_pubtypes
 *(.debug_pubtypes)

.debug_ranges
 *(.debug_ranges)

.gnu.attributes
 *(.gnu.attributes)

.note.gnu.arm.ident
 *(.note.gnu.arm.ident)

/DISCARD/
 *(.note.GNU-stack)
 *(.gnu_debuglink)
OUTPUT(C:\dev\sdk\main\extensions\s3eFlurry\lib\android\libs3eFlurry.so elf32-littlearm)
